Archive member included to satisfy reference by file (symbol)

C:/devkitPro/libogc/lib/wii\libwiiuse.a(wpad.o)
                              SonyCandal.o (WPAD_Init)
C:/devkitPro/libogc/lib/wii\libwiiuse.a(motion_plus.o)
                              C:/devkitPro/libogc/lib/wii\libwiiuse.a(wpad.o) (wiiuse_set_motion_plus)
C:/devkitPro/libogc/lib/wii\libwiiuse.a(dynamics.o)
                              C:/devkitPro/libogc/lib/wii\libwiiuse.a(wpad.o) (calculate_gforce)
C:/devkitPro/libogc/lib/wii\libwiiuse.a(io.o)
                              C:/devkitPro/libogc/lib/wii\libwiiuse.a(motion_plus.o) (wiiuse_disable_expansion)
C:/devkitPro/libogc/lib/wii\libwiiuse.a(io_wii.o)
                              C:/devkitPro/libogc/lib/wii\libwiiuse.a(wpad.o) (__wiiuse_sensorbar_enable)
C:/devkitPro/libogc/lib/wii\libwiiuse.a(ir.o)
                              C:/devkitPro/libogc/lib/wii\libwiiuse.a(motion_plus.o) (wiiuse_set_ir_mode)
C:/devkitPro/libogc/lib/wii\libwiiuse.a(nunchuk.o)
                              C:/devkitPro/libogc/lib/wii\libwiiuse.a(io.o) (nunchuk_handshake)
C:/devkitPro/libogc/lib/wii\libwiiuse.a(wiiboard.o)
                              C:/devkitPro/libogc/lib/wii\libwiiuse.a(io.o) (wii_board_handshake)
C:/devkitPro/libogc/lib/wii\libwiiuse.a(wiiuse.o)
                              C:/devkitPro/libogc/lib/wii\libwiiuse.a(wpad.o) (wiiuse_init)
C:/devkitPro/libogc/lib/wii\libwiiuse.a(speaker.o)
                              C:/devkitPro/libogc/lib/wii\libwiiuse.a(wpad.o) (wencdata)
C:/devkitPro/libogc/lib/wii\libwiiuse.a(classic.o)
                              C:/devkitPro/libogc/lib/wii\libwiiuse.a(io.o) (classic_ctrl_handshake)
C:/devkitPro/libogc/lib/wii\libwiiuse.a(events.o)
                              C:/devkitPro/libogc/lib/wii\libwiiuse.a(io_wii.o) (parse_event)
C:/devkitPro/libogc/lib/wii\libwiiuse.a(guitar_hero_3.o)
                              C:/devkitPro/libogc/lib/wii\libwiiuse.a(io.o) (guitar_hero_3_handshake)
C:/devkitPro/libogc/lib/wii\libbte.a(bte.o)
                              C:/devkitPro/libogc/lib/wii\libwiiuse.a(wpad.o) (BTE_Init)
C:/devkitPro/libogc/lib/wii\libbte.a(hci.o)
                              C:/devkitPro/libogc/lib/wii\libbte.a(bte.o) (hci_init)
C:/devkitPro/libogc/lib/wii\libbte.a(l2cap.o)
                              C:/devkitPro/libogc/lib/wii\libbte.a(bte.o) (l2cap_init)
C:/devkitPro/libogc/lib/wii\libbte.a(btmemb.o)
                              C:/devkitPro/libogc/lib/wii\libbte.a(bte.o) (btmemb_init)
C:/devkitPro/libogc/lib/wii\libbte.a(btmemr.o)
                              C:/devkitPro/libogc/lib/wii\libbte.a(hci.o) (btmemr_init)
C:/devkitPro/libogc/lib/wii\libbte.a(btpbuf.o)
                              C:/devkitPro/libogc/lib/wii\libbte.a(hci.o) (btpbuf_init)
C:/devkitPro/libogc/lib/wii\libbte.a(physbusif.o)
                              C:/devkitPro/libogc/lib/wii\libbte.a(bte.o) (physbusif_init)
C:/devkitPro/libogc/lib/wii\libogc.a(console.o)
                              SonyCandal.o (CON_Init)
C:/devkitPro/libogc/lib/wii\libogc.a(lwp_queue.o)
                              C:/devkitPro/libogc/lib/wii\libwiiuse.a(io_wii.o) (__lwp_queue_initialize)
C:/devkitPro/libogc/lib/wii\libogc.a(lwp_threads.o)
                              C:/devkitPro/libogc/lib/wii\libwiiuse.a(wpad.o) (_thread_dispatch_disable_level)
C:/devkitPro/libogc/lib/wii\libogc.a(lwp.o)
                              C:/devkitPro/libogc/lib/wii\libbte.a(bte.o) (LWP_InitQueue)
C:/devkitPro/libogc/lib/wii\libogc.a(lwp_handler.o)
                              C:/devkitPro/libogc/lib/wii\libogc.a(lwp_threads.o) (_cpu_context_save_fp)
C:/devkitPro/libogc/lib/wii\libogc.a(lwp_stack.o)
                              C:/devkitPro/libogc/lib/wii\libogc.a(lwp_threads.o) (__lwp_stack_allocate)
C:/devkitPro/libogc/lib/wii\libogc.a(lwp_watchdog.o)
                              C:/devkitPro/libogc/lib/wii\libogc.a(lwp_threads.o) (_wd_ticks_queue)
C:/devkitPro/libogc/lib/wii\libogc.a(lwp_wkspace.o)
                              C:/devkitPro/libogc/lib/wii\libwiiuse.a(motion_plus.o) (__wkspace_heap)
C:/devkitPro/libogc/lib/wii\libogc.a(lwp_objmgr.o)
                              C:/devkitPro/libogc/lib/wii\libogc.a(lwp.o) (__lwp_objmgr_initinfo)
C:/devkitPro/libogc/lib/wii\libogc.a(lwp_heap.o)
                              C:/devkitPro/libogc/lib/wii\libogc.a(lwp_wkspace.o) (__lwp_heap_init)
C:/devkitPro/libogc/lib/wii\libogc.a(sys_state.o)
                              C:/devkitPro/libogc/lib/wii\libogc.a(lwp_threads.o) (_sys_state_curr)
C:/devkitPro/libogc/lib/wii\libogc.a(irq.o)
                              C:/devkitPro/libogc/lib/wii\libwiiuse.a(io_wii.o) (IRQ_Disable)
C:/devkitPro/libogc/lib/wii\libogc.a(video.o)
                              C:/devkitPro/libogc/lib/wii\libogc.a(console.o) (VIDEO_GetCurrentFramebuffer)
C:/devkitPro/libogc/lib/wii\libogc.a(system.o)
                              C:/devkitPro/libogc/lib/wii\libwiiuse.a(wpad.o) (__SYS_DoPowerCB)
[...]
Memory Configuration

Name             Origin             Length             Attributes
*default*        0x00000000         0xffffffff

Linker script and memory map

                0x00003400                . = 0x3400

.stub
 *(.stub)
                0x80004000                . = 0x80004000

.init           0x80004000      0x194
 *crt0.o(*.init)
 .init          0x80004000      0x170 C:/devkitPro/libogc/lib/wii\libogc.a(ogc_crt0.o)
                0x80004000                _start
                0x80004140                _memset
 *(.init)
 .init          0x80004170        0xc c:/devkitpro/devkitppc/bin/../lib/gcc/powerpc-eabi/6.3.0/ecrti.o
                0x80004170                __init
 .init          0x8000417c        0x4 c:/devkitpro/devkitppc/bin/../lib/gcc/powerpc-eabi/6.3.0/crtbegin.o
 .init          0x80004180        0x4 c:/devkitpro/devkitppc/bin/../lib/gcc/powerpc-eabi/6.3.0/crtend.o
 .init          0x80004184       0x10 c:/devkitpro/devkitppc/bin/../lib/gcc/powerpc-eabi/6.3.0/ecrtn.o

.rela.dyn       0x80004194        0x0
 .rela.iplt     0x80004194        0x0 c:/devkitpro/devkitppc/bin/../lib/gcc/powerpc-eabi/6.3.0/crtbegin.o

.plt
 *(.plt)

.interp
 *(.interp)

.hash
 *(.hash)

.dynsym
 *(.dynsym)

.dynstr
 *(.dynstr)

.gnu.version
 *(.gnu.version)

.gnu.version_d
 *(.gnu.version_d)

.gnu.version_r
 *(.gnu.version_r)

.rel.init
 *(.rel.init)

.rela.init      0x80004194        0x0
 *(.rela.init)
 .rela.init     0x80004194        0x0 c:/devkitpro/devkitppc/bin/../lib/gcc/powerpc-eabi/6.3.0/crtbegin.o

.rel.text
 *(.rel.text .rel.text.* .rel.gnu.linkonce.t.*)

.rela.text      0x80004194        0x0
 *(.rela.text .rela.text.* .rela.gnu.linkonce.t.*)
 .rela.text.deregister_tm_clones
                0x80004194        0x0 c:/devkitpro/devkitppc/bin/../lib/gcc/powerpc-eabi/6.3.0/crtbegin.o
 .rela.text.register_tm_clones
                0x80004194        0x0 c:/devkitpro/devkitppc/bin/../lib/gcc/powerpc-eabi/6.3.0/crtbegin.o
 .rela.text.__do_global_dtors_aux
                0x80004194        0x0 c:/devkitpro/devkitppc/bin/../lib/gcc/powerpc-eabi/6.3.0/crtbegin.o
 .rela.text.frame_dummy
                0x80004194        0x0 c:/devkitpro/devkitppc/bin/../lib/gcc/powerpc-eabi/6.3.0/crtbegin.o
 .rela.text.wiiuse_probe_motion_plus_check1
                0x80004194        0x0 c:/devkitpro/devkitppc/bin/../lib/gcc/powerpc-eabi/6.3.0/crtbegin.o
 .rela.text.wiiuse_probe_motion_plus
                0x80004194        0x0 c:/devkitpro/devkitppc/bin/../lib/gcc/powerpc-eabi/6.3.0/crtbegin.o
 .rela.text.wiiuse_handshake
                0x80004194        0x0 c:/devkitpro/devkitppc/bin/../lib/gcc/powerpc-eabi/6.3.0/crtbegin.o
 .rela.text.wiiuse_handshake_expansion
                0x80004194        0x0 c:/devkitpro/devkitppc/bin/../lib/gcc/powerpc-eabi/6.3.0/crtbegin.o
 .rela.text.wiiuse_init_cmd_queue
                0x80004194        0x0 c:/devkitpro/devkitppc/bin/../lib/gcc/powerpc-eabi/6.3.0/crtbegin.o
 .rela.text.wiiuse_init
                0x80004194        0x0 c:/devkitpro/devkitppc/bin/../lib/gcc/powerpc-eabi/6.3.0/crtbegin.o
 .rela.text.bt_alarmhandler
                0x80004194        0x0 c:/devkitpro/devkitppc/bin/../lib/gcc/powerpc-eabi/6.3.0/crtbegin.o
 .rela.text.__console_init
                0x80004194        0x0 c:/devkitpro/devkitppc/bin/../lib/gcc/powerpc-eabi/6.3.0/crtbegin.o
 .rela.text.__console_init_ex
                0x80004194        0x0 c:/devkitpro/devkitppc/bin/../lib/gcc/powerpc-eabi/6.3.0/crtbegin.o
 .rela.text.CON_EnableGecko
                0x80004194        0x0 c:/devkitpro/devkitppc/bin/../lib/gcc/powerpc-eabi/6.3.0/crtbegin.o
 .rela.text.__lwp_rotate_readyqueue
                0x80004194        0x0 c:/devkitpro/devkitppc/bin/../lib/gcc/powerpc-eabi/6.3.0/crtbegin.o
 .rela.text.__lwp_thread_tickle_timeslice
                0x80004194        0x0 c:/devkitpro/devkitppc/bin/../lib/gcc/powerpc-eabi/6.3.0/crtbegin.o
 .rela.text.__lwp_thread_setstate
                0x80004194        0x0 c:/devkitpro/devkitppc/bin/../lib/gcc/powerpc-eabi/6.3.0/crtbegin.o
 .rela.text.__lwp_thread_setpriority
                0x80004194        0x0 c:/devkitpro/devkitppc/bin/../lib/gcc/powerpc-eabi/6.3.0/crtbegin.o
 .rela.text.__lwp_thread_suspend
                0x80004194        0x0 c:/devkitpro/devkitppc/bin/../lib/gcc/powerpc-eabi/6.3.0/crtbegin.o
 .rela.text.__lwp_thread_changepriority
                0x80004194        0x0 c:/devkitpro/devkitppc/bin/../lib/gcc/powerpc-eabi/6.3.0/crtbegin.o
 .rela.text.__lwp_thread_ready
                0x80004194        0x0 c:/devkitpro/devkitppc/bin/../lib/gcc/powerpc-eabi/6.3.0/crtbegin.o
 .rela.text.__lwp_thread_init
                0x80004194        0x0 c:/devkitpro/devkitppc/bin/../lib/gcc/powerpc-eabi/6.3.0/crtbegin.o
 .rela.text.__lwp_thread_close
                0x80004194        0x0 c:/devkitpro/devkitppc/bin/../lib/gcc/powerpc-eabi/6.3.0/crtbegin.o
 .rela.text.__lwp_thread_closeall
                0x80004194        0x0 c:/devkitpro/devkitppc/bin/../lib/gcc/powerpc-eabi/6.3.0/crtbegin.o
 .rela.text.__lwp_thread_startmultitasking
                0x80004194        0x0 c:/devkitpro/devkitppc/bin/../lib/gcc/powerpc-eabi/6.3.0/crtbegin.o
 .rela.text.__lwp_thread_stopmultitasking
                0x80004194        0x0 c:/devkitpro/devkitppc/bin/../lib/gcc/powerpc-eabi/6.3.0/crtbegin.o
 .rela.text.__lwp_thread_coreinit
                0x80004194        0x0 c:/devkitpro/devkitppc/bin/../lib/gcc/powerpc-eabi/6.3.0/crtbegin.o
 .rela.text.__lwp_sysinit
                0x80004194        0x0 c:/devkitpro/devkitppc/bin/../lib/gcc/powerpc-eabi/6.3.0/crtbegin.o
 .rela.text.__lwp_thread_isalive
                0x80004194        0x0 c:/devkitpro/devkitppc/bin/../lib/gcc/powerpc-eabi/6.3.0/crtbegin.o
 .rela.text.__lwp_thread_exists
                0x80004194        0x0 c:/devkitpro/devkitppc/bin/../lib/gcc/powerpc-eabi/6.3.0/crtbegin.o
 .rela.text.__lwp_thread_context
                0x80004194        0x0 c:/devkitpro/devkitppc/bin/../lib/gcc/powerpc-eabi/6.3.0/crtbegin.o
 .rela.text.LWP_CreateThread
                0x80004194        0x0 c:/devkitpro/devkitppc/bin/../lib/gcc/powerpc-eabi/6.3.0/crtbegin.o
 .rela.text.LWP_SuspendThread
                0x80004194        0x0 c:/devkitpro/devkitppc/bin/../lib/gcc/powerpc-eabi/6.3.0/crtbegin.o
 .rela.text.LWP_ResumeThread
                0x80004194        0x0 c:/devkitpro/devkitppc/bin/../lib/gcc/powerpc-eabi/6.3.0/crtbegin.o
 .rela.text.LWP_SetThreadPriority
                0x80004194        0x0 c:/devkitpro/devkitppc/bin/../lib/gcc/powerpc-eabi/6.3.0/crtbegin.o
 .rela.text.LWP_ThreadIsSuspended
                0x80004194        0x0 c:/devkitpro/devkitppc/bin/../lib/gcc/powerpc-eabi/6.3.0/crtbegin.o
 .rela.text.LWP_JoinThread
                0x80004194        0x0 c:/devkitpro/devkitppc/bin/../lib/gcc/powerpc-eabi/6.3.0/crtbegin.o
 .rela.text.LWP_InitQueue
                0x80004194        0x0 c:/devkitpro/devkitppc/bin/../lib/gcc/powerpc-eabi/6.3.0/crtbegin.o
 .rela.text.LWP_CloseQueue
                0x80004194        0x0 c:/devkitpro/devkitppc/bin/../lib/gcc/powerpc-eabi/6.3.0/crtbegin.o
 .rela.text.LWP_ThreadSleep
                0x80004194        0x0 c:/devkitpro/devkitppc/bin/../lib/gcc/powerpc-eabi/6.3.0/crtbegin.o
 .rela.text.LWP_ThreadBroadcast
                0x80004194        0x0 c:/devkitpro/devkitppc/bin/../lib/gcc/powerpc-eabi/6.3.0/crtbegin.o
 .rela.text.LWP_ThreadSignal
                0x80004194        0x0 c:/devkitpro/devkitppc/bin/../lib/gcc/powerpc-eabi/6.3.0/crtbegin.o
 .rela.text.__lwp_stack_allocate
                0x80004194        0x0 c:/devkitpro/devkitppc/bin/../lib/gcc/powerpc-eabi/6.3.0/crtbegin.o
 .rela.text.__lwp_stack_free
                0x80004194        0x0 c:/devkitpro/devkitppc/bin/../lib/gcc/powerpc-eabi/6.3.0/crtbegin.o
 .rela.text.__lwp_watchdog_init
                0x80004194        0x0 c:/devkitpro/devkitppc/bin/../lib/gcc/powerpc-eabi/6.3.0/crtbegin.o
 .rela.text.__lwp_wd_tickle
                0x80004194        0x0 c:/devkitpro/devkitppc/bin/../lib/gcc/powerpc-eabi/6.3.0/crtbegin.o
 .rela.text.__lwp_wkspace_heapfree
                0x80004194        0x0 c:/devkitpro/devkitppc/bin/../lib/gcc/powerpc-eabi/6.3.0/crtbegin.o
 .rela.text.__lwp_wkspace_heapused
                0x80004194        0x0 c:/devkitpro/devkitppc/bin/../lib/gcc/powerpc-eabi/6.3.0/crtbegin.o
 .rela.text.__lwp_wkspace_init
                0x80004194        0x0 c:/devkitpro/devkitppc/bin/../lib/gcc/powerpc-eabi/6.3.0/crtbegin.o
 .rela.text.__lwp_objmgr_initinfo
                0x80004194        0x0 c:/devkitpro/devkitppc/bin/../lib/gcc/powerpc-eabi/6.3.0/crtbegin.o
 .rela.text.__irq_init
                0x80004194        0x0 c:/devkitpro/devkitppc/bin/../lib/gcc/powerpc-eabi/6.3.0/crtbegin.o
 .rela.text.__call_resetfuncs
                0x80004194        0x0 c:/devkitpro/devkitppc/bin/../lib/gcc/powerpc-eabi/6.3.0/crtbegin.o
 .rela.text.__unlocksram
                0x80004194        0x0 c:/devkitpro/devkitppc/bin/../lib/gcc/powerpc-eabi/6.3.0/crtbegin.o
 .rela.text.__sram_writecallback
                0x80004194        0x0 c:/devkitpro/devkitppc/bin/../lib/gcc/powerpc-eabi/6.3.0/crtbegin.o
 .rela.text.__sys_alarmhandler
                0x80004194        0x0 c:/devkitpro/devkitppc/bin/../lib/gcc/powerpc-eabi/6.3.0/crtbegin.o
 .rela.text.__sram_read.constprop.10
                0x80004194        0x0 c:/devkitpro/devkitppc/bin/../lib/gcc/powerpc-eabi/6.3.0/crtbegin.o
 .rela.text.__sram_init
                0x80004194        0x0 c:/devkitpro/devkitppc/bin/../lib/gcc/powerpc-eabi/6.3.0/crtbegin.o
 .rela.text.__SYS_LockSram
                0x80004194        0x0 c:/devkitpro/devkitppc/bin/../lib/gcc/powerpc-eabi/6.3.0/crtbegin.o
 .rela.text.__SYS_LockSramEx
                0x80004194        0x0 c:/devkitpro/devkitppc/bin/../lib/gcc/powerpc-eabi/6.3.0/crtbegin.o
 .rela.text.__SYS_SyncSram
                0x80004194        0x0 c:/devkitpro/devkitppc/bin/../lib/gcc/powerpc-eabi/6.3.0/crtbegin.o
 .rela.text.__SYS_SetBootTime
                0x80004194        0x0 c:/devkitpro/devkitppc/bin/../lib/gcc/powerpc-eabi/6.3.0/crtbegin.o
 .rela.text.SYS_Init
                0x80004194        0x0 c:/devkitpro/devkitppc/bin/../lib/gcc/powerpc-eabi/6.3.0/crtbegin.o
 .rela.text.SYS_SetAlarm
                0x80004194        0x0 c:/devkitpro/devkitppc/bin/../lib/gcc/powerpc-eabi/6.3.0/crtbegin.o
 .rela.text.SYS_SetPeriodicAlarm
                0x80004194        0x0 c:/devkitpro/devkitppc/bin/../lib/gcc/powerpc-eabi/6.3.0/crtbegin.o
 .rela.text.SYS_RemoveAlarm
                0x80004194        0x0 c:/devkitpro/devkitppc/bin/../lib/gcc/powerpc-eabi/6.3.0/crtbegin.o
 .rela.text.SYS_CancelAlarm
                0x80004194        0x0 c:/devkitpro/devkitppc/bin/../lib/gcc/powerpc-eabi/6.3.0/crtbegin.o
 .rela.text.SYS_SetWirelessID
                0x80004194        0x0 c:/devkitpro/devkitppc/bin/../lib/gcc/powerpc-eabi/6.3.0/crtbegin.o
 .rela.text.SYS_GetWirelessID
                0x80004194        0x0 c:/devkitpro/devkitppc/bin/../lib/gcc/powerpc-eabi/6.3.0/crtbegin.o
 .rela.text.__lwp_cond_waitsupp.constprop.4
                0x80004194        0x0 c:/devkitpro/devkitppc/bin/../lib/gcc/powerpc-eabi/6.3.0/crtbegin.o
 .rela.text.__lwp_cond_signalsupp
                0x80004194        0x0 c:/devkitpro/devkitppc/bin/../lib/gcc/powerpc-eabi/6.3.0/crtbegin.o
 .rela.text.__lwp_cond_init
                0x80004194        0x0 c:/devkitpro/devkitppc/bin/../lib/gcc/powerpc-eabi/6.3.0/crtbegin.o
 .rela.text.LWP_CondInit
                0x80004194        0x0 c:/devkitpro/devkitppc/bin/../lib/gcc/powerpc-eabi/6.3.0/crtbegin.o
 .rela.text.LWP_CondDestroy
                0x80004194        0x0 c:/devkitpro/devkitppc/bin/../lib/gcc/powerpc-eabi/6.3.0/crtbegin.o
 .rela.text.c_decrementer_handler
                0x80004194        0x0 c:/devkitpro/devkitppc/bin/../lib/gcc/powerpc-eabi/6.3.0/crtbegin.o
 .rela.text.__lwp_mqbox_init
                0x80004194        0x0 c:/devkitpro/devkitppc/bin/../lib/gcc/powerpc-eabi/6.3.0/crtbegin.o
 .rela.text.MQ_Init
                0x80004194        0x0 c:/devkitpro/devkitppc/bin/../lib/gcc/powerpc-eabi/6.3.0/crtbegin.o
 .rela.text.MQ_Close
                0x80004194        0x0 c:/devkitpro/devkitppc/bin/../lib/gcc/powerpc-eabi/6.3.0/crtbegin.o
 .rela.text.MQ_Send
                0x80004194        0x0 c:/devkitpro/devkitppc/bin/../lib/gcc/powerpc-eabi/6.3.0/crtbegin.o
 .rela.text.MQ_Receive
                0x80004194        0x0 c:/devkitpro/devkitppc/bin/../lib/gcc/powerpc-eabi/6.3.0/crtbegin.o
 .rela.text.MQ_Jam
                0x80004194        0x0 c:/devkitpro/devkitppc/bin/../lib/gcc/powerpc-eabi/6.3.0/crtbegin.o
 .rela.text.__ios_ioctlvformat_parse
                0x80004194        0x0 c:/devkitpro/devkitppc/bin/../lib/gcc/powerpc-eabi/6.3.0/crtbegin.o
 .rela.text.__ioctlvfmtCB
                0x80004194        0x0 c:/devkitpro/devkitppc/bin/../lib/gcc/powerpc-eabi/6.3.0/crtbegin.o
 .rela.text.IOS_IoctlvFormat
                0x80004194        0x0 c:/devkitpro/devkitppc/bin/../lib/gcc/powerpc-eabi/6.3.0/crtbegin.o
 .rela.text.IOS_IoctlvFormatAsync
                0x80004194        0x0 c:/devkitpro/devkitppc/bin/../lib/gcc/powerpc-eabi/6.3.0/crtbegin.o
 .rela.text.nanosleep
                0x80004194        0x0 c:/devkitpro/devkitppc/bin/../lib/gcc/powerpc-eabi/6.3.0/crtbegin.o
 .rela.text.__libc_delete_hook
                0x80004194        0x0 c:/devkitpro/devkitppc/bin/../lib/gcc/powerpc-eabi/6.3.0/crtbegin.o
 .rela.text.__libc_init
                0x80004194        0x0 c:/devkitpro/devkitppc/bin/../lib/gcc/powerpc-eabi/6.3.0/crtbegin.o
 .rela.text.__CheckARGV
                0x80004194        0x0 c:/devkitpro/devkitppc/bin/../lib/gcc/powerpc-eabi/6.3.0/crtbegin.o
 .rela.text.__lwp_priority_init
                0x80004194        0x0 c:/devkitpro/devkitppc/bin/../lib/gcc/powerpc-eabi/6.3.0/crtbegin.o
 .rela.text.__lwp_threadqueue_enqueuefifo
                0x80004194        0x0 c:/devkitpro/devkitppc/bin/../lib/gcc/powerpc-eabi/6.3.0/crtbegin.o
 .rela.text.__lwp_threadqueue_dequeuefifo
                0x80004194        0x0 c:/devkitpro/devkitppc/bin/../lib/gcc/powerpc-eabi/6.3.0/crtbegin.o
 .rela.text.__lwp_threadqueue_enqueuepriority
                0x80004194        0x0 c:/devkitpro/devkitppc/bin/../lib/gcc/powerpc-eabi/6.3.0/crtbegin.o
 .rela.text.__lwp_threadqueue_dequeuepriority
                0x80004194        0x0 c:/devkitpro/devkitppc/bin/../lib/gcc/powerpc-eabi/6.3.0/crtbegin.o
 .rela.text.__lwp_threadqueue_enqueue
                0x80004194        0x0 c:/devkitpro/devkitppc/bin/../lib/gcc/powerpc-eabi/6.3.0/crtbegin.o
 .rela.text.__lwp_threadqueue_extractfifo
                0x80004194        0x0 c:/devkitpro/devkitppc/bin/../lib/gcc/powerpc-eabi/6.3.0/crtbegin.o
 .rela.text.__lwp_threadqueue_extractpriority
                0x80004194        0x0 c:/devkitpro/devkitppc/bin/../lib/gcc/powerpc-eabi/6.3.0/crtbegin.o
 .rela.text.__lwpmq_initialize
                0x80004194        0x0 c:/devkitpro/devkitppc/bin/../lib/gcc/powerpc-eabi/6.3.0/crtbegin.o
 .rela.text.__lwpmq_close
                0x80004194        0x0 c:/devkitpro/devkitppc/bin/../lib/gcc/powerpc-eabi/6.3.0/crtbegin.o
 .rela.text.__systemcall_init
                0x80004194        0x0 c:/devkitpro/devkitppc/bin/../lib/gcc/powerpc-eabi/6.3.0/crtbegin.o
 .rela.text.__exception_init
                0x80004194        0x0 c:/devkitpro/devkitppc/bin/../lib/gcc/powerpc-eabi/6.3.0/crtbegin.o
 .rela.text.__exception_close
                0x80004194        0x0 c:/devkitpro/devkitppc/bin/../lib/gcc/powerpc-eabi/6.3.0/crtbegin.o
 .rela.text.__exception_sethandler
                0x80004194        0x0 c:/devkitpro/devkitppc/bin/../lib/gcc/powerpc-eabi/6.3.0/crtbegin.o
 .rela.text     0x80004194        0x0 c:/devkitpro/devkitppc/bin/../lib/gcc/powerpc-eabi/6.3.0/crtbegin.o
 .rela.text.__lwp_sema_init
                0x80004194        0x0 c:/devkitpro/devkitppc/bin/../lib/gcc/powerpc-eabi/6.3.0/crtbegin.o
 .rela.text.LWP_SemInit
                0x80004194        0x0 c:/devkitpro/devkitppc/bin/../lib/gcc/powerpc-eabi/6.3.0/crtbegin.o
 .rela.text.LWP_SemWait
                0x80004194        0x0 c:/devkitpro/devkitppc/bin/../lib/gcc/powerpc-eabi/6.3.0/crtbegin.o
 .rela.text.LWP_SemPost
                0x80004194        0x0 c:/devkitpro/devkitppc/bin/../lib/gcc/powerpc-eabi/6.3.0/crtbegin.o
 .rela.text.LWP_SemDestroy
                0x80004194        0x0 c:/devkitpro/devkitppc/bin/../lib/gcc/powerpc-eabi/6.3.0/crtbegin.o
 .rela.text.__lwp_mutex_locksupp.constprop.8
                0x80004194        0x0 c:/devkitpro/devkitppc/bin/../lib/gcc/powerpc-eabi/6.3.0/crtbegin.o
 .rela.text.__lwp_mutex_init
                0x80004194        0x0 c:/devkitpro/devkitppc/bin/../lib/gcc/powerpc-eabi/6.3.0/crtbegin.o
 .rela.text.LWP_MutexInit
                0x80004194        0x0 c:/devkitpro/devkitppc/bin/../lib/gcc/powerpc-eabi/6.3.0/crtbegin.o
 .rela.text.LWP_MutexDestroy
                0x80004194        0x0 c:/devkitpro/devkitppc/bin/../lib/gcc/powerpc-eabi/6.3.0/crtbegin.o
 .rela.text.LWP_MutexUnlock
                0x80004194        0x0 c:/devkitpro/devkitppc/bin/../lib/gcc/powerpc-eabi/6.3.0/crtbegin.o
 .rela.text.__GX_InitRevBits
                0x80004194        0x0 c:/devkitpro/devkitppc/bin/../lib/gcc/powerpc-eabi/6.3.0/crtbegin.o
 .rela.text.__GX_CleanGPFifo
                0x80004194        0x0 c:/devkitpro/devkitppc/bin/../lib/gcc/powerpc-eabi/6.3.0/crtbegin.o
 .rela.text.__GXDefTexRegionCallback
                0x80004194        0x0 c:/devkitpro/devkitppc/bin/../lib/gcc/powerpc-eabi/6.3.0/crtbegin.o
 .rela.text.__GXDefTlutRegionCallback
                0x80004194        0x0 c:/devkitpro/devkitppc/bin/../lib/gcc/powerpc-eabi/6.3.0/crtbegin.o
 .rela.text.__SetSURegs
                0x80004194        0x0 c:/devkitpro/devkitppc/bin/../lib/gcc/powerpc-eabi/6.3.0/crtbegin.o
 .rela.text.__GXCPInterruptHandler
                0x80004194        0x0 c:/devkitpro/devkitppc/bin/../lib/gcc/powerpc-eabi/6.3.0/crtbegin.o
 .rela.text.__GX_Abort
                0x80004194        0x0 c:/devkitpro/devkitppc/bin/../lib/gcc/powerpc-eabi/6.3.0/crtbegin.o
 .rela.text.GX_SetTexCoordGen2.part.7
                0x80004194        0x0 c:/devkitpro/devkitppc/bin/../lib/gcc/powerpc-eabi/6.3.0/crtbegin.o
 .rela.text.__GX_SetDirtyState
                0x80004194        0x0 c:/devkitpro/devkitppc/bin/../lib/gcc/powerpc-eabi/6.3.0/crtbegin.o
 .rela.text.GX_SetCPUFifo
                0x80004194        0x0 c:/devkitpro/devkitppc/bin/../lib/gcc/powerpc-eabi/6.3.0/crtbegin.o
 .rela.text.GX_SetGPFifo
                0x80004194        0x0 c:/devkitpro/devkitppc/bin/../lib/gcc/powerpc-eabi/6.3.0/crtbegin.o
 .rela.text.GX_RestoreWriteGatherPipe
                0x80004194        0x0 c:/devkitpro/devkitppc/bin/../lib/gcc/powerpc-eabi/6.3.0/crtbegin.o
 .rela.text.GX_Flush
                0x80004194        0x0 c:/devkitpro/devkitppc/bin/../lib/gcc/powerpc-eabi/6.3.0/crtbegin.o
 .rela.text.GX_RedirectWriteGatherPipe
                0x80004194        0x0 c:/devkitpro/devkitppc/bin/../lib/gcc/powerpc-eabi/6.3.0/crtbegin.o
 .rela.text.__gx_onreset
                0x80004194        0x0 c:/devkitpro/devkitppc/bin/../lib/gcc/powerpc-eabi/6.3.0/crtbegin.o
 .rela.text.GX_EnableBreakPt
                0x80004194        0x0 c:/devkitpro/devkitppc/bin/../lib/gcc/powerpc-eabi/6.3.0/crtbegin.o
 .rela.text.GX_DisableBreakPt
                0x80004194        0x0 c:/devkitpro/devkitppc/bin/../lib/gcc/powerpc-eabi/6.3.0/crtbegin.o
 .rela.text.GX_AbortFrame
                0x80004194        0x0 c:/devkitpro/devkitppc/bin/../lib/gcc/powerpc-eabi/6.3.0/crtbegin.o
 .rela.text.GX_PixModeSync
                0x80004194        0x0 c:/devkitpro/devkitppc/bin/../lib/gcc/powerpc-eabi/6.3.0/crtbegin.o
 .rela.text.GX_SetMisc
                0x80004194        0x0 c:/devkitpro/devkitppc/bin/../lib/gcc/powerpc-eabi/6.3.0/crtbegin.o
 .rela.text.GX_SetCopyClamp
                0x80004194        0x0 c:/devkitpro/devkitppc/bin/../lib/gcc/powerpc-eabi/6.3.0/crtbegin.o
 .rela.text.GX_SetDispCopyGamma
                0x80004194        0x0 c:/devkitpro/devkitppc/bin/../lib/gcc/powerpc-eabi/6.3.0/crtbegin.o
 .rela.text.GX_SetDispCopyFrame2Field
                0x80004194        0x0 c:/devkitpro/devkitppc/bin/../lib/gcc/powerpc-eabi/6.3.0/crtbegin.o
 .rela.text.GX_SetDispCopyYScale
                0x80004194        0x0 c:/devkitpro/devkitppc/bin/../lib/gcc/powerpc-eabi/6.3.0/crtbegin.o
 .rela.text.GX_SetDispCopyDst
                0x80004194        0x0 c:/devkitpro/devkitppc/bin/../lib/gcc/powerpc-eabi/6.3.0/crtbegin.o
 .rela.text.GX_SetDispCopySrc
                0x80004194        0x0 c:/devkitpro/devkitppc/bin/../lib/gcc/powerpc-eabi/6.3.0/crtbegin.o
 .rela.text.GX_CopyDisp
                0x80004194        0x0 c:/devkitpro/devkitppc/bin/../lib/gcc/powerpc-eabi/6.3.0/crtbegin.o
 .rela.text.GX_CopyTex
                0x80004194        0x0 c:/devkitpro/devkitppc/bin/../lib/gcc/powerpc-eabi/6.3.0/crtbegin.o
 .rela.text.GX_SetTexCopySrc
                0x80004194        0x0 c:/devkitpro/devkitppc/bin/../lib/gcc/powerpc-eabi/6.3.0/crtbegin.o
 .rela.text.GX_SetTexCopyDst
                0x80004194        0x0 c:/devkitpro/devkitppc/bin/../lib/gcc/powerpc-eabi/6.3.0/crtbegin.o
 .rela.text.GX_BeginDispList
                0x80004194        0x0 c:/devkitpro/devkitppc/bin/../lib/gcc/powerpc-eabi/6.3.0/crtbegin.o
 .rela.text.GX_EndDispList
                0x80004194        0x0 c:/devkitpro/devkitppc/bin/../lib/gcc/powerpc-eabi/6.3.0/crtbegin.o
 .rela.text.GX_CallDispList
                0x80004194        0x0 c:/devkitpro/devkitppc/bin/../lib/gcc/powerpc-eabi/6.3.0/crtbegin.o
 .rela.text.GX_SetChanCtrl
                0x80004194        0x0 c:/devkitpro/devkitppc/bin/../lib/gcc/powerpc-eabi/6.3.0/crtbegin.o
 .rela.text.GX_SetChanAmbColor
                0x80004194        0x0 c:/devkitpro/devkitppc/bin/../lib/gcc/powerpc-eabi/6.3.0/crtbegin.o
 .rela.text.GX_SetChanMatColor
                0x80004194        0x0 c:/devkitpro/devkitppc/bin/../lib/gcc/powerpc-eabi/6.3.0/crtbegin.o
 .rela.text.GX_SetVtxDesc
                0x80004194        0x0 c:/devkitpro/devkitppc/bin/../lib/gcc/powerpc-eabi/6.3.0/crtbegin.o
 .rela.text.GX_SetVtxDescv
                0x80004194        0x0 c:/devkitpro/devkitppc/bin/../lib/gcc/powerpc-eabi/6.3.0/crtbegin.o
 .rela.text.GX_GetVtxDescv
                0x80004194        0x0 c:/devkitpro/devkitppc/bin/../lib/gcc/powerpc-eabi/6.3.0/crtbegin.o
 .rela.text.GX_SetVtxAttrFmt
                0x80004194        0x0 c:/devkitpro/devkitppc/bin/../lib/gcc/powerpc-eabi/6.3.0/crtbegin.o
 .rela.text.GX_SetVtxAttrFmtv
                0x80004194        0x0 c:/devkitpro/devkitppc/bin/../lib/gcc/powerpc-eabi/6.3.0/crtbegin.o
 .rela.text.GX_Begin
                0x80004194        0x0 c:/devkitpro/devkitppc/bin/../lib/gcc/powerpc-eabi/6.3.0/crtbegin.o
 .rela.text.GX_SetCurrentMtx
                0x80004194        0x0 c:/devkitpro/devkitppc/bin/../lib/gcc/powerpc-eabi/6.3.0/crtbegin.o
 .rela.text.GX_SetNumTexGens
                0x80004194        0x0 c:/devkitpro/devkitppc/bin/../lib/gcc/powerpc-eabi/6.3.0/crtbegin.o
 .rela.text.GX_SetZMode
                0x80004194        0x0 c:/devkitpro/devkitppc/bin/../lib/gcc/powerpc-eabi/6.3.0/crtbegin.o
 .rela.text.GX_LoadTexObjPreloaded
                0x80004194        0x0 c:/devkitpro/devkitppc/bin/../lib/gcc/powerpc-eabi/6.3.0/crtbegin.o
 .rela.text.GX_PreloadEntireTexture
                0x80004194        0x0 c:/devkitpro/devkitppc/bin/../lib/gcc/powerpc-eabi/6.3.0/crtbegin.o
 .rela.text.GX_InvalidateTexAll
                0x80004194        0x0 c:/devkitpro/devkitppc/bin/../lib/gcc/powerpc-eabi/6.3.0/crtbegin.o
 .rela.text.GX_InvalidateTexRegion
                0x80004194        0x0 c:/devkitpro/devkitppc/bin/../lib/gcc/powerpc-eabi/6.3.0/crtbegin.o
 .rela.text.GX_LoadTlut
                0x80004194        0x0 c:/devkitpro/devkitppc/bin/../lib/gcc/powerpc-eabi/6.3.0/crtbegin.o
 .rela.text.GX_SetTexCoordScaleManually
                0x80004194        0x0 c:/devkitpro/devkitppc/bin/../lib/gcc/powerpc-eabi/6.3.0/crtbegin.o
 .rela.text.GX_SetTexCoordCylWrap
                0x80004194        0x0 c:/devkitpro/devkitppc/bin/../lib/gcc/powerpc-eabi/6.3.0/crtbegin.o
 .rela.text.GX_SetTexCoordBias
                0x80004194        0x0 c:/devkitpro/devkitppc/bin/../lib/gcc/powerpc-eabi/6.3.0/crtbegin.o
 .rela.text.GX_SetBlendMode
                0x80004194        0x0 c:/devkitpro/devkitppc/bin/../lib/gcc/powerpc-eabi/6.3.0/crtbegin.o
 .rela.text.GX_ClearVtxDesc
                0x80004194        0x0 c:/devkitpro/devkitppc/bin/../lib/gcc/powerpc-eabi/6.3.0/crtbegin.o
 .rela.text.GX_SetLineWidth
                0x80004194        0x0 c:/devkitpro/devkitppc/bin/../lib/gcc/powerpc-eabi/6.3.0/crtbegin.o
 .rela.text.GX_SetPointSize
                0x80004194        0x0 c:/devkitpro/devkitppc/bin/../lib/gcc/powerpc-eabi/6.3.0/crtbegin.o
 .rela.text.GX_SetTevColorIn
                0x80004194        0x0 c:/devkitpro/devkitppc/bin/../lib/gcc/powerpc-eabi/6.3.0/crtbegin.o
 .rela.text.GX_SetTevAlphaIn
                0x80004194        0x0 c:/devkitpro/devkitppc/bin/../lib/gcc/powerpc-eabi/6.3.0/crtbegin.o
 .rela.text.GX_SetTevColorOp
                0x80004194        0x0 c:/devkitpro/devkitppc/bin/../lib/gcc/powerpc-eabi/6.3.0/crtbegin.o
 .rela.text.GX_SetTevAlphaOp
                0x80004194        0x0 c:/devkitpro/devkitppc/bin/../lib/gcc/powerpc-eabi/6.3.0/crtbegin.o
 .rela.text.GX_SetTevOp
                0x80004194        0x0 c:/devkitpro/devkitppc/bin/../lib/gcc/powerpc-eabi/6.3.0/crtbegin.o
 .rela.text.GX_SetCullMode
                0x80004194        0x0 c:/devkitpro/devkitppc/bin/../lib/gcc/powerpc-eabi/6.3.0/crtbegin.o
 .rela.text.GX_SetCoPlanar
                0x80004194        0x0 c:/devkitpro/devkitppc/bin/../lib/gcc/powerpc-eabi/6.3.0/crtbegin.o
 .rela.text.GX_EnableTexOffsets
                0x80004194        0x0 c:/devkitpro/devkitppc/bin/../lib/gcc/powerpc-eabi/6.3.0/crtbegin.o
 .rela.text.GX_SetScissor
                0x80004194        0x0 c:/devkitpro/devkitppc/bin/../lib/gcc/powerpc-eabi/6.3.0/crtbegin.o
 .rela.text.GX_SetNumChans
                0x80004194        0x0 c:/devkitpro/devkitppc/bin/../lib/gcc/powerpc-eabi/6.3.0/crtbegin.o
 .rela.text.GX_SetTevOrder
                0x80004194        0x0 c:/devkitpro/devkitppc/bin/../lib/gcc/powerpc-eabi/6.3.0/crtbegin.o
 .rela.text.GX_SetNumTevStages
                0x80004194        0x0 c:/devkitpro/devkitppc/bin/../lib/gcc/powerpc-eabi/6.3.0/crtbegin.o
 .rela.text.GX_SetTevKColorSel
                0x80004194        0x0 c:/devkitpro/devkitppc/bin/../lib/gcc/powerpc-eabi/6.3.0/crtbegin.o
 .rela.text.GX_SetTevKAlphaSel
                0x80004194        0x0 c:/devkitpro/devkitppc/bin/../lib/gcc/powerpc-eabi/6.3.0/crtbegin.o
 .rela.text.GX_SetTevSwapMode
                0x80004194        0x0 c:/devkitpro/devkitppc/bin/../lib/gcc/powerpc-eabi/6.3.0/crtbegin.o
 .rela.text.GX_SetTevSwapModeTable
                0x80004194        0x0 c:/devkitpro/devkitppc/bin/../lib/gcc/powerpc-eabi/6.3.0/crtbegin.o
 .rela.text.GX_SetNumIndStages
                0x80004194        0x0 c:/devkitpro/devkitppc/bin/../lib/gcc/powerpc-eabi/6.3.0/crtbegin.o
 .rela.text.GX_SetIndTexCoordScale
                0x80004194        0x0 c:/devkitpro/devkitppc/bin/../lib/gcc/powerpc-eabi/6.3.0/crtbegin.o
 .rela.text.GX_SetColorUpdate
                0x80004194        0x0 c:/devkitpro/devkitppc/bin/../lib/gcc/powerpc-eabi/6.3.0/crtbegin.o
 .rela.text.GX_SetAlphaUpdate
                0x80004194        0x0 c:/devkitpro/devkitppc/bin/../lib/gcc/powerpc-eabi/6.3.0/crtbegin.o
 .rela.text.GX_SetZCompLoc
                0x80004194        0x0 c:/devkitpro/devkitppc/bin/../lib/gcc/powerpc-eabi/6.3.0/crtbegin.o
 .rela.text.GX_SetPixelFmt
                0x80004194        0x0 c:/devkitpro/devkitppc/bin/../lib/gcc/powerpc-eabi/6.3.0/crtbegin.o
 .rela.text.GX_SetDither
                0x80004194        0x0 c:/devkitpro/devkitppc/bin/../lib/gcc/powerpc-eabi/6.3.0/crtbegin.o
 .rela.text.GX_SetDstAlpha
                0x80004194        0x0 c:/devkitpro/devkitppc/bin/../lib/gcc/powerpc-eabi/6.3.0/crtbegin.o
 .rela.text.GX_SetFieldMode
                0x80004194        0x0 c:/devkitpro/devkitppc/bin/../lib/gcc/powerpc-eabi/6.3.0/crtbegin.o
 .rela.text.GX_SetIndTexOrder
                0x80004194        0x0 c:/devkitpro/devkitppc/bin/../lib/gcc/powerpc-eabi/6.3.0/crtbegin.o
 .rela.text.GX_SetGPMetric
                0x80004194        0x0 c:/devkitpro/devkitppc/bin/../lib/gcc/powerpc-eabi/6.3.0/crtbegin.o
 .rela.text.GX_Init
                0x80004194        0x0 c:/devkitpro/devkitppc/bin/../lib/gcc/powerpc-eabi/6.3.0/crtbegin.o
 .rela.text.GX_ReadGPMetric
                0x80004194        0x0 c:/devkitpro/devkitppc/bin/../lib/gcc/powerpc-eabi/6.3.0/crtbegin.o
 .rela.text.kprintf
                0x80004194        0x0 c:/devkitpro/devkitppc/bin/../lib/gcc/powerpc-eabi/6.3.0/crtbegin.o
 .rela.text.atangent
                0x80004194        0x0 c:/devkitpro/devkitppc/bin/../lib/gcc/powerpc-eabi/6.3.0/crtbegin.o
 .rela.text.atangentf
                0x80004194        0x0 c:/devkitpro/devkitppc/bin/../lib/gcc/powerpc-eabi/6.3.0/crtbegin.o
 .rela.text.sinef
                0x80004194        0x0 c:/devkitpro/devkitppc/bin/../lib/gcc/powerpc-eabi/6.3.0/crtbegin.o
 .rela.text.sqrtf
                0x80004194        0x0 c:/devkitpro/devkitppc/bin/../lib/gcc/powerpc-eabi/6.3.0/crtbegin.o
 .rela.text._exit
                0x80004194        0x0 c:/devkitpro/devkitppc/bin/../lib/gcc/powerpc-eabi/6.3.0/crtbegin.o
 .rela.text.calloc
                0x80004194        0x0 c:/devkitpro/devkitppc/bin/../lib/gcc/powerpc-eabi/6.3.0/crtbegin.o
 .rela.text.__errno
                0x80004194        0x0 c:/devkitpro/devkitppc/bin/../lib/gcc/powerpc-eabi/6.3.0/crtbegin.o
 .rela.text.exit
                0x80004194        0x0 c:/devkitpro/devkitppc/bin/../lib/gcc/powerpc-eabi/6.3.0/crtbegin.o
 .rela.text.fprintf
                0x80004194        0x0 c:/devkitpro/devkitppc/bin/../lib/gcc/powerpc-eabi/6.3.0/crtbegin.o
 .rela.text._malloc_trim_r
                0x80004194        0x0 c:/devkitpro/devkitppc/bin/../lib/gcc/powerpc-eabi/6.3.0/crtbegin.o
 .rela.text._free_r
                0x80004194        0x0 c:/devkitpro/devkitppc/bin/../lib/gcc/powerpc-eabi/6.3.0/crtbegin.o
 .rela.text.fwrite
                0x80004194        0x0 c:/devkitpro/devkitppc/bin/../lib/gcc/powerpc-eabi/6.3.0/crtbegin.o
 .rela.text.__loadlocale
                0x80004194        0x0 c:/devkitpro/devkitppc/bin/../lib/gcc/powerpc-eabi/6.3.0/crtbegin.o
 .rela.text._dtoa_r
                0x80004194        0x0 c:/devkitpro/devkitppc/bin/../lib/gcc/powerpc-eabi/6.3.0/crtbegin.o
 .rela.text._cleanup_r
                0x80004194        0x0 c:/devkitpro/devkitppc/bin/../lib/gcc/powerpc-eabi/6.3.0/crtbegin.o
 .rela.text.std.isra.0
                0x80004194        0x0 c:/devkitpro/devkitppc/bin/../lib/gcc/powerpc-eabi/6.3.0/crtbegin.o
 .rela.text._cleanup
                0x80004194        0x0 c:/devkitpro/devkitppc/bin/../lib/gcc/powerpc-eabi/6.3.0/crtbegin.o
 .rela.text._findenv_r
                0x80004194        0x0 c:/devkitpro/devkitppc/bin/../lib/gcc/powerpc-eabi/6.3.0/crtbegin.o

.rel.fini
 *(.rel.fini)

.rela.fini
 *(.rela.fini)

.rel.rodata
 *(.rel.rodata .rel.rodata.* .rel.gnu.linkonce.r.*)

.rela.rodata    0x80004194        0x0
 *(.rela.rodata .rela.rodata.* .rela.gnu.linkonce.r.*)
 .rela.rodata.__C_locale
                0x80004194        0x0 c:/devkitpro/devkitppc/bin/../lib/gcc/powerpc-eabi/6.3.0/crtbegin.o

.rel.data
 *(.rel.data .rel.data.* .rel.gnu.linkonce.d.*)

.rela.data      0x80004194        0x0
 *(.rela.data .rela.data.* .rela.gnu.linkonce.d.*)
 .rela.data.__global_locale
                0x80004194        0x0 c:/devkitpro/devkitppc/bin/../lib/gcc/powerpc-eabi/6.3.0/crtbegin.o

.rel.tdata
 *(.rel.tdata .rel.tdata.* .rel.gnu.linkonce.td.*)

.rela.tdata
 *(.rela.tdata .rela.tdata.* .rela.gnu.linkonce.td.*)

.rel.tbss
 *(.rel.tbss .rel.tbss.* .rel.gnu.linkonce.tb.*)

.rela.tbss
 *(.rela.tbss .rela.tbss.* .rela.gnu.linkonce.tb.*)

.rel.ctors
 *(.rel.ctors)

.rela.ctors
 *(.rela.ctors)

.rel.dtors
 *(.rel.dtors)

.rela.dtors
 *(.rela.dtors)

.rel.got
 *(.rel.got)

.rela.got
 *(.rela.got)

.rela.got1
 *(.rela.got1)

.rela.got2      0x80004194        0x0
 *(.rela.got2)
 .rela.got2     0x80004194        0x0 c:/devkitpro/devkitppc/bin/../lib/gcc/powerpc-eabi/6.3.0/crtbegin.o

.rel.sdata
 *(.rel.sdata .rel.sdata.* .rel.gnu.linkonce.s.*)

.rela.sdata
 *(.rela.sdata .rela.sdata.* .rela.gnu.linkonce.s.*)

.rel.sbss
 *(.rel.sbss .rel.sbss.* .rel.gnu.linkonce.sb.*)

.rela.sbss
 *(.rela.sbss .rela.sbss.* .rel.gnu.linkonce.sb.*)

.rel.sdata2
 *(.rel.sdata2 .rel.sdata2.* .rel.gnu.linkonce.s2.*)

.rela.sdata2    0x80004194        0x0
 *(.rela.sdata2 .rela.sdata2.* .rela.gnu.linkonce.s2.*)
 .rela.sdata2.__sys_inIPL
                0x80004194        0x0 c:/devkitpro/devkitppc/bin/../lib/gcc/powerpc-eabi/6.3.0/crtbegin.o

.rel.sbss2
 *(.rel.sbss2 .rel.sbss2.* .rel.gnu.linkonce.sb2.*)

.rela.sbss2
 *(.rela.sbss2 .rela.sbss2.* .rela.gnu.linkonce.sb2.*)

.rel.bss
 *(.rel.bss .rel.bss.* .rel.gnu.linkonce.b.*)

.rela.bss
 *(.rela.bss .rela.bss.* .rela.gnu.linkonce.b.*)

.rel.plt
 *(.rel.plt)

.rela.plt
 *(.rela.plt)

.text           0x800041a0    0x33f80
 *(.text)
 .text          0x800041a0      0x44c C:/devkitPro/libogc/lib/wii\libogc.a(lwp_handler.o)
                0x800041a0                _cpu_context_save_fp
                0x800042e0                _cpu_context_restore_fp
                0x80004420                _cpu_context_switch
                0x80004500                _cpu_context_save
                0x80004580                _cpu_context_restore
 .text          0x800045ec      0x4a0 C:/devkitPro/libogc/lib/wii\libogc.a(system_asm.o)
                0x800045ec                __realmode
                0x80004604                __configBATS
                0x80004734                __InitFPRS
                0x80004860                __InitPS
                0x800048bc                __InitCache
                0x80004914                __InitSystem
                0x8000499c                __flush_cache
                0x800049d0                __reset
                0x80004a40                __InitBATS
                0x80004a5c                SYS_SwitchFiber
 .text          0x80004a8c      0x1ac C:/devkitPro/libogc/lib/wii\libogc.a(irq_handler.o)
                0x80004a8c                irq_exceptionhandler
 .text          0x80004c38      0x4f4 C:/devkitPro/libogc/lib/wii\libogc.a(cache_asm.o)
                0x80004c38                DCFlashInvalidate
                0x80004c4c                DCEnable
                0x80004c60                DCDisable
                0x80004c74                DCFreeze
                0x80004c88                DCUnfreeze
                0x80004c9c                DCTouchLoad
                0x80004ca4                DCBlockZero
                0x80004cac                DCBlockStore
                0x80004cb4                DCBlockFlush
                0x80004cbc                DCBlockInvalidate
                0x80004cc4                DCInvalidateRange
                0x80004cf4                DCFlushRange
                0x80004d28                DCStoreRange
                0x80004d5c                DCFlushRangeNoSync
                0x80004d8c                DCStoreRangeNoSync
                0x80004dbc                DCZeroRange
                0x80004dec                DCTouchRange
                0x80004e1c                ICInvalidateRange
                0x80004e54                ICFlashInvalidate
                0x80004e68                ICEnable
                0x80004e7c                ICDisable
                0x80004e90                ICFreeze
                0x80004ea4                ICUnfreeze
                0x80004eb8                ICBlockInvalidate
                0x80004ec0                ICSync
                0x80004ec8                L2Init
                0x80004f10                L2Enable
                0x80004f2c                L2Disable
                0x80004f44                L2GlobalInvalidate
                0x80004f9c                __LCEnable
                0x80005068                LCDisable
                0x80005090                LCAllocOneTag
                0x800050a4                LCAllocTags
                0x800050e4                LCLoadBlocks
                0x80005108                LCStoreBlocks
 .text          0x8000512c      0x1ac C:/devkitPro/libogc/lib/wii\libogc.a(decrementer_handler.o)
                0x8000512c                dec_exceptionhandler
 .text          0x800052d8      0x35c C:/devkitPro/libogc/lib/wii\libogc.a(exception_handler.o)
                0x800052d8                exceptionhandler_start
                0x80005354                exceptionhandler_patch
                0x80005388                exceptionhandler_end
                0x8000538c                default_exceptionhandler
                0x800054bc                fpu_exceptionhandler
                0x80005604                systemcallhandler_start
                0x80005630                systemcallhandler_end
 .text          0x80005634       0x48 c:/devkitpro/devkitppc/bin/../lib/gcc/powerpc-eabi/6.3.0\libgcc.a(eabi.o)
                0x80005634                __eabi
 *(.text.*)
 .text.deregister_tm_clones
                0x8000567c       0x38 c:/devkitpro/devkitppc/bin/../lib/gcc/powerpc-eabi/6.3.0/crtbegin.o
 .text.register_tm_clones
                0x800056b4       0x3c c:/devkitpro/devkitppc/bin/../lib/gcc/powerpc-eabi/6.3.0/crtbegin.o
 .text.__do_global_dtors_aux
                0x800056f0       0xd4 c:/devkitpro/devkitppc/bin/../lib/gcc/powerpc-eabi/6.3.0/crtbegin.o
 .text.frame_dummy
                0x800057c4       0x74 c:/devkitpro/devkitppc/bin/../lib/gcc/powerpc-eabi/6.3.0/crtbegin.o
 .text.__crtmain
                0x80005838       0x44 c:/devkitpro/devkitppc/bin/../lib/gcc/powerpc-eabi/6.3.0/../../../../powerpc-eabi/lib/crtmain.o
                0x8000583c                __crtmain
 .text.startup.main
                0x8000587c      0x16c SonyCandal.o
                0x8000587c                main
 .text.__wpad_assign_slot
                0x800059e8      0x20c C:/devkitPro/libogc/lib/wii\libwiiuse.a(wpad.o)
                0x800059e8                __wpad_assign_slot
 .text.__wpad_def_powcb
                0x80005bf4        0x4 C:/devkitPro/libogc/lib/wii\libwiiuse.a(wpad.o)
 .text.__wpad_disconnect
                0x80005bf8       0x4c C:/devkitPro/libogc/lib/wii\libwiiuse.a(wpad.o)
 .text.__readlinkkey_finished
                0x80005c44       0x34 C:/devkitPro/libogc/lib/wii\libwiiuse.a(wpad.o)
 .text.__wpad_patch_finished
                0x80005c78       0x2c C:/devkitPro/libogc/lib/wii\libwiiuse.a(wpad.o)
 .text.__wpad_setfmt
                0x80005ca4      0x124 C:/devkitPro/libogc/lib/wii\libwiiuse.a(wpad.o)
 .text.__wpad_eventCB
                0x80005dc8      0xa48 C:/devkitPro/libogc/lib/wii\libwiiuse.a(wpad.o)
 .text.__wpad_disconnectCB
                0x80006810       0xd4 C:/devkitPro/libogc/lib/wii\libwiiuse.a(wpad.o)
                0x80006810                __wpad_disconnectCB
 .text.__wpad_timeouthandler
                0x800068e4       0xb0 C:/devkitPro/libogc/lib/wii\libwiiuse.a(wpad.o)
 .text.__initcore_finished
                0x80006994       0x48 C:/devkitPro/libogc/lib/wii\libwiiuse.a(wpad.o)
 .text.__wpad_init_finished
                0x800069dc      0x1d0 C:/devkitPro/libogc/lib/wii\libwiiuse.a(wpad.o)
 .text.WPAD_ReadEvent
                0x80006bac      0x64c C:/devkitPro/libogc/lib/wii\libwiiuse.a(wpad.o)
                0x80006bac                WPAD_ReadEvent
 .text.WPAD_ReadPending
                0x800071f8      0x188 C:/devkitPro/libogc/lib/wii\libwiiuse.a(wpad.o)
                0x800071f8                WPAD_ReadPending
 .text.WPAD_ReadPending.part.5
                0x80007380       0x68 C:/devkitPro/libogc/lib/wii\libwiiuse.a(wpad.o)
 .text.WPAD_Shutdown
                0x800073e8       0xcc C:/devkitPro/libogc/lib/wii\libwiiuse.a(wpad.o)
                0x800073e8                WPAD_Shutdown
 .text.WPAD_Init
                0x800074b4      0x294 C:/devkitPro/libogc/lib/wii\libwiiuse.a(wpad.o)
                0x800074b4                WPAD_Init
 .text.__wpad_onreset
                0x80007748       0x34 C:/devkitPro/libogc/lib/wii\libwiiuse.a(wpad.o)
 .text.WPAD_ScanPads
                0x8000777c        0x8 C:/devkitPro/libogc/lib/wii\libwiiuse.a(wpad.o)
                0x8000777c                WPAD_ScanPads
 .text.WPAD_ButtonsDown
                0x80007784       0x28 C:/devkitPro/libogc/lib/wii\libwiiuse.a(wpad.o)
                0x80007784                WPAD_ButtonsDown
 .text.motion_plus_disconnected
                0x800077ac       0x10 C:/devkitPro/libogc/lib/wii\libwiiuse.a(motion_plus.o)
                0x800077ac                motion_plus_disconnected
 .text.motion_plus_event
                0x800077bc       0x64 C:/devkitPro/libogc/lib/wii\libwiiuse.a(motion_plus.o)
                0x800077bc                motion_plus_event
 .text.apply_smoothing.part.0
                0x80007820       0x8c C:/devkitPro/libogc/lib/wii\libwiiuse.a(dynamics.o)
 .text.calculate_gforce
                0x800078ac      0x114 C:/devkitPro/libogc/lib/wii\libwiiuse.a(dynamics.o)
                0x800078ac                calculate_gforce
 .text.calc_joystick_state
                0x800079c0      0x20c C:/devkitPro/libogc/lib/wii\libwiiuse.a(dynamics.o)
                0x800079c0                calc_joystick_state
 .text.apply_smoothing
                0x80007bcc       0xa8 C:/devkitPro/libogc/lib/wii\libwiiuse.a(dynamics.o)
                0x80007bcc                apply_smoothing
 .text.calculate_orientation
                0x80007c74      0x2f0 C:/devkitPro/libogc/lib/wii\libwiiuse.a(dynamics.o)
                0x80007c74                calculate_orientation
 .text.calc_balanceboard_state
                0x80007f64      0x3a4 C:/devkitPro/libogc/lib/wii\libwiiuse.a(dynamics.o)
                0x80007f64                calc_balanceboard_state
 .text.wiiuse_handshake
                0x80008308      0x1fc C:/devkitPro/libogc/lib/wii\libwiiuse.a(io.o)
                0x80008308                wiiuse_handshake
 .text.wiiuse_handshake_expansion
                0x80008504      0x228 C:/devkitPro/libogc/lib/wii\libwiiuse.a(io.o)
                0x80008504                wiiuse_handshake_expansion
 .text.wiiuse_handshake_expansion_start
                0x8000872c       0x24 C:/devkitPro/libogc/lib/wii\libwiiuse.a(io.o)
                0x8000872c                wiiuse_handshake_expansion_start
 .text.wiiuse_disable_expansion
                0x80008750      0x1b0 C:/devkitPro/libogc/lib/wii\libwiiuse.a(io.o)
                0x80008750                wiiuse_disable_expansion
 .text.__wiiuse_connected
                0x80008900       0x9c C:/devkitPro/libogc/lib/wii\libwiiuse.a(io_wii.o)
 .text.__wiiuse_disconnected
                0x8000899c       0xb4 C:/devkitPro/libogc/lib/wii\libwiiuse.a(io_wii.o)
 .text.__wiiuse_receive
                0x80008a50       0xbc C:/devkitPro/libogc/lib/wii\libwiiuse.a(io_wii.o)
 .text.__wiiuse_sensorbar_enable
                0x80008b0c       0x54 C:/devkitPro/libogc/lib/wii\libwiiuse.a(io_wii.o)
                0x80008b0c                __wiiuse_sensorbar_enable
 .text.wiiuse_register
                0x80008b60       0xe4 C:/devkitPro/libogc/lib/wii\libwiiuse.a(io_wii.o)
                0x80008b60                wiiuse_register
 .text.wiiuse_disconnect
                0x80008c44       0x24 C:/devkitPro/libogc/lib/wii\libwiiuse.a(io_wii.o)
                0x80008c44                wiiuse_disconnect
 .text.wiiuse_init_cmd_queue
                0x80008c68       0xa4 C:/devkitPro/libogc/lib/wii\libwiiuse.a(io_wii.o)
                0x80008c68                wiiuse_init_cmd_queue
 .text.wiiuse_io_write
                0x80008d0c       0x1c C:/devkitPro/libogc/lib/wii\libwiiuse.a(io_wii.o)
                0x80008d0c                wiiuse_io_write
 .text.get_ir_sens.isra.0
                0x80008d28       0xe4 C:/devkitPro/libogc/lib/wii\libwiiuse.a(ir.o)
 .text.rotate_dots
                0x80008e0c      0x11c C:/devkitPro/libogc/lib/wii\libwiiuse.a(ir.o)
 .text.wiiuse_set_ir_mode
                0x80008f28       0x88 C:/devkitPro/libogc/lib/wii\libwiiuse.a(ir.o)
                0x80008f28                wiiuse_set_ir_mode
 .text.wiiuse_set_ir
                0x80008fb0      0x228 C:/devkitPro/libogc/lib/wii\libwiiuse.a(ir.o)
                0x80008fb0                wiiuse_set_ir
 .text.wiiuse_set_ir_position
                0x800091d8       0x84 C:/devkitPro/libogc/lib/wii\libwiiuse.a(ir.o)
                0x800091d8                wiiuse_set_ir_position
 .text.wiiuse_set_aspect_ratio
                0x8000925c       0x44 C:/devkitPro/libogc/lib/wii\libwiiuse.a(ir.o)
                0x8000925c                wiiuse_set_aspect_ratio
 .text.wiiuse_set_ir_sensitivity
                0x800092a0      0x138 C:/devkitPro/libogc/lib/wii\libwiiuse.a(ir.o)
                0x800092a0                wiiuse_set_ir_sensitivity
 .text.calculate_basic_ir
                0x800093d8       0xec C:/devkitPro/libogc/lib/wii\libwiiuse.a(ir.o)
                0x800093d8                calculate_basic_ir
 .text.calculate_extended_ir
                0x800094c4       0x70 C:/devkitPro/libogc/lib/wii\libwiiuse.a(ir.o)
                0x800094c4                calculate_extended_ir
 .text.find_sensorbar
                0x80009534      0x940 C:/devkitPro/libogc/lib/wii\libwiiuse.a(ir.o)
                0x80009534                find_sensorbar
 .text.apply_ir_smoothing
                0x80009e74      0x100 C:/devkitPro/libogc/lib/wii\libwiiuse.a(ir.o)
                0x80009e74                apply_ir_smoothing
 .text.interpret_ir_data
                0x80009f74      0x3cc C:/devkitPro/libogc/lib/wii\libwiiuse.a(ir.o)
                0x80009f74                interpret_ir_data
 .text.nunchuk_handshake
                0x8000a340      0x2d8 C:/devkitPro/libogc/lib/wii\libwiiuse.a(nunchuk.o)
                0x8000a340                nunchuk_handshake
 .text.nunchuk_disconnected
                0x8000a618        0xc C:/devkitPro/libogc/lib/wii\libwiiuse.a(nunchuk.o)
                0x8000a618                nunchuk_disconnected
 .text.nunchuk_event
                0x8000a624       0xe0 C:/devkitPro/libogc/lib/wii\libwiiuse.a(nunchuk.o)
                0x8000a624                nunchuk_event
 .text.wii_board_handshake
                0x8000a704      0x2a4 C:/devkitPro/libogc/lib/wii\libwiiuse.a(wiiboard.o)
                0x8000a704                wii_board_handshake
 .text.wii_board_disconnected
                0x8000a9a8        0xc C:/devkitPro/libogc/lib/wii\libwiiuse.a(wiiboard.o)
                0x8000a9a8                wii_board_disconnected
 .text.wii_board_event
                0x8000a9b4       0x54 C:/devkitPro/libogc/lib/wii\libwiiuse.a(wiiboard.o)
                0x8000a9b4                wii_board_event
 .text.wiiuse_send_next_command
                0x8000aa08       0x50 C:/devkitPro/libogc/lib/wii\libwiiuse.a(wiiuse.o)
                0x8000aa08                wiiuse_send_next_command
 .text.wiiuse_init
                0x8000aa58      0x1d4 C:/devkitPro/libogc/lib/wii\libwiiuse.a(wiiuse.o)
                0x8000aa58                wiiuse_init
 .text.wiiuse_set_flags
                0x8000ac2c       0x24 C:/devkitPro/libogc/lib/wii\libwiiuse.a(wiiuse.o)
                0x8000ac2c                wiiuse_set_flags
 .text.wiiuse_read_data
                0x8000ac50      0x140 C:/devkitPro/libogc/lib/wii\libwiiuse.a(wiiuse.o)
                0x8000ac50                wiiuse_read_data
 .text.wiiuse_write_data
                0x8000ad90      0x184 C:/devkitPro/libogc/lib/wii\libwiiuse.a(wiiuse.o)
                0x8000ad90                wiiuse_write_data
 .text.wiiuse_sendcmd
                0x8000af14      0x154 C:/devkitPro/libogc/lib/wii\libwiiuse.a(wiiuse.o)
                0x8000af14                wiiuse_sendcmd
 .text.wiiuse_set_report_type
                0x8000b068      0x144 C:/devkitPro/libogc/lib/wii\libwiiuse.a(wiiuse.o)
                0x8000b068                wiiuse_set_report_type
 .text.wiiuse_motion_sensing
                0x8000b1ac       0x7c C:/devkitPro/libogc/lib/wii\libwiiuse.a(wiiuse.o)
                0x8000b1ac                wiiuse_motion_sensing
 .text.wiiuse_status
                0x8000b228       0x4c C:/devkitPro/libogc/lib/wii\libwiiuse.a(wiiuse.o)
                0x8000b228                wiiuse_status
 .text.wiiuse_set_leds
                0x8000b274       0x50 C:/devkitPro/libogc/lib/wii\libwiiuse.a(wiiuse.o)
                0x8000b274                wiiuse_set_leds
 .text.wiiuse_set_speaker
                0x8000b2c4      0x25c C:/devkitPro/libogc/lib/wii\libwiiuse.a(speaker.o)
                0x8000b2c4                wiiuse_set_speaker
 .text.classic_ctrl_handshake
                0x8000b520      0x2b4 C:/devkitPro/libogc/lib/wii\libwiiuse.a(classic.o)
                0x8000b520                classic_ctrl_handshake
 .text.classic_ctrl_disconnected
                0x8000b7d4        0xc C:/devkitPro/libogc/lib/wii\libwiiuse.a(classic.o)
                0x8000b7d4                classic_ctrl_disconnected
 .text.classic_ctrl_event
                0x8000b7e0      0x164 C:/devkitPro/libogc/lib/wii\libwiiuse.a(classic.o)
                0x8000b7e0                classic_ctrl_event
 .text.handle_expansion
                0x8000b944       0x54 C:/devkitPro/libogc/lib/wii\libwiiuse.a(events.o)
 .text.parse_event
                0x8000b998      0x710 C:/devkitPro/libogc/lib/wii\libwiiuse.a(events.o)
                0x8000b998                parse_event
 .text.guitar_hero_3_handshake
                0x8000c0a8       0x70 C:/devkitPro/libogc/lib/wii\libwiiuse.a(guitar_hero_3.o)
                0x8000c0a8                guitar_hero_3_handshake
 .text.guitar_hero_3_disconnected
                0x8000c118        0xc C:/devkitPro/libogc/lib/wii\libwiiuse.a(guitar_hero_3.o)
                0x8000c118                guitar_hero_3_disconnected
 .text.guitar_hero_3_event
                0x8000c124       0x64 C:/devkitPro/libogc/lib/wii\libwiiuse.a(guitar_hero_3.o)
                0x8000c124                guitar_hero_3_event
 .text.bt_alarmhandler
                0x8000c188       0x60 C:/devkitPro/libogc/lib/wii\libbte.a(bte.o)
 .text.__bte_send_pending_request
                0x8000c1e8      0x114 C:/devkitPro/libogc/lib/wii\libbte.a(bte.o)
 .text.acl_conn_complete
                0x8000c2fc       0x2c C:/devkitPro/libogc/lib/wii\libbte.a(bte.o)
                0x8000c2fc                acl_conn_complete
 .text.l2cap_disconnected_ind
                0x8000c328      0x180 C:/devkitPro/libogc/lib/wii\libbte.a(bte.o)
                0x8000c328                l2cap_disconnected_ind
 .text.bte_process_input
                0x8000c4a8      0x13c C:/devkitPro/libogc/lib/wii\libbte.a(bte.o)
 .text.l2cap_accepted
                0x8000c5e4      0x110 C:/devkitPro/libogc/lib/wii\libbte.a(bte.o)
                0x8000c5e4                l2cap_accepted
 .text.acl_wlp_completed
                0x8000c6f4        0x8 C:/devkitPro/libogc/lib/wii\libbte.a(bte.o)
                0x8000c6f4                acl_wlp_completed
 .text.l2cap_disconnect_cfm
                0x8000c6fc      0x180 C:/devkitPro/libogc/lib/wii\libbte.a(bte.o)
                0x8000c6fc                l2cap_disconnect_cfm
 .text.__bte_shutdown_finished
                0x8000c87c       0xd8 C:/devkitPro/libogc/lib/wii\libbte.a(bte.o)
 .text.bte_hci_apply_patch_complete
                0x8000c954      0x154 C:/devkitPro/libogc/lib/wii\libbte.a(bte.o)
                0x8000c954                bte_hci_apply_patch_complete
 .text.bte_hci_initsub_complete
                0x8000caa8      0x234 C:/devkitPro/libogc/lib/wii\libbte.a(bte.o)
                0x8000caa8                bte_hci_initsub_complete
 .text.bte_hci_initcore_complete
                0x8000ccdc      0x1f0 C:/devkitPro/libogc/lib/wii\libbte.a(bte.o)
                0x8000ccdc                bte_hci_initcore_complete
 .text.bte_read_stored_link_key_complete
                0x8000cecc      0x278 C:/devkitPro/libogc/lib/wii\libbte.a(bte.o)
                0x8000cecc                bte_read_stored_link_key_complete
 .text.bte_hci_initcore_complete2
                0x8000d144      0x1e8 C:/devkitPro/libogc/lib/wii\libbte.a(bte.o)
                0x8000d144                bte_hci_initcore_complete2
 .text.bte_hci_patch_complete
                0x8000d32c      0x2e0 C:/devkitPro/libogc/lib/wii\libbte.a(bte.o)
                0x8000d32c                bte_hci_patch_complete
 .text.BTE_Init
                0x8000d60c      0x138 C:/devkitPro/libogc/lib/wii\libbte.a(bte.o)
                0x8000d60c                BTE_Init
 .text.BTE_Shutdown
                0x8000d744      0x11c C:/devkitPro/libogc/lib/wii\libbte.a(bte.o)
                0x8000d744                BTE_Shutdown
 .text.BTE_InitCore
                0x8000d860       0x94 C:/devkitPro/libogc/lib/wii\libbte.a(bte.o)
                0x8000d860                BTE_InitCore
 .text.BTE_ApplyPatch
                0x8000d8f4       0xb8 C:/devkitPro/libogc/lib/wii\libbte.a(bte.o)
                0x8000d8f4                BTE_ApplyPatch
 .text.BTE_InitSub
                0x8000d9ac       0x98 C:/devkitPro/libogc/lib/wii\libbte.a(bte.o)
                0x8000d9ac                BTE_InitSub
 .text.BTE_ReadStoredLinkKey
                0x8000da44       0x98 C:/devkitPro/libogc/lib/wii\libbte.a(bte.o)
                0x8000da44                BTE_ReadStoredLinkKey
 .text.BTE_SetDisconnectCallback
                0x8000dadc        0x4 C:/devkitPro/libogc/lib/wii\libbte.a(bte.o)
                0x8000dadc                BTE_SetDisconnectCallback
 .text.bte_new  0x8000dae0       0x54 C:/devkitPro/libogc/lib/wii\libbte.a(bte.o)
                0x8000dae0                bte_new
 .text.bte_registerdeviceasync
                0x8000db34      0x154 C:/devkitPro/libogc/lib/wii\libbte.a(bte.o)
                0x8000db34                bte_registerdeviceasync
 .text.bte_disconnect
                0x8000dc88       0xd8 C:/devkitPro/libogc/lib/wii\libbte.a(bte.o)
                0x8000dc88                bte_disconnect
 .text.bte_senddata
                0x8000dd60       0xdc C:/devkitPro/libogc/lib/wii\libbte.a(bte.o)
                0x8000dd60                bte_senddata
 .text.bte_arg  0x8000de3c       0x3c C:/devkitPro/libogc/lib/wii\libbte.a(bte.o)
                0x8000de3c                bte_arg
 .text.bte_received
                0x8000de78       0x3c C:/devkitPro/libogc/lib/wii\libbte.a(bte.o)
                0x8000de78                bte_received
 .text.bte_disconnected
                0x8000deb4       0x3c C:/devkitPro/libogc/lib/wii\libbte.a(bte.o)
                0x8000deb4                bte_disconnected
 .text.hci_init
                0x8000def0       0x7c C:/devkitPro/libogc/lib/wii\libbte.a(hci.o)
                0x8000def0                hci_init
 .text.hci_new  0x8000df6c       0x48 C:/devkitPro/libogc/lib/wii\libbte.a(hci.o)
                0x8000df6c                hci_new
 .text.hci_get_link
                0x8000dfb4       0x84 C:/devkitPro/libogc/lib/wii\libbte.a(hci.o)
                0x8000dfb4                hci_get_link
 .text.hci_close
                0x8000e038       0xd8 C:/devkitPro/libogc/lib/wii\libbte.a(hci.o)
                0x8000e038                hci_close
 .text.hci_reset_all
                0x8000e110       0xbc C:/devkitPro/libogc/lib/wii\libbte.a(hci.o)
                0x8000e110                hci_reset_all
 .text.hci_arg  0x8000e1cc        0xc C:/devkitPro/libogc/lib/wii\libbte.a(hci.o)
                0x8000e1cc                hci_arg
 .text.hci_cmd_complete
                0x8000e1d8        0xc C:/devkitPro/libogc/lib/wii\libbte.a(hci.o)
                0x8000e1d8                hci_cmd_complete
 .text.hci_connection_complete
                0x8000e1e4        0xc C:/devkitPro/libogc/lib/wii\libbte.a(hci.o)
                0x8000e1e4                hci_connection_complete
 .text.hci_wlp_complete
                0x8000e1f0        0xc C:/devkitPro/libogc/lib/wii\libbte.a(hci.o)
                0x8000e1f0                hci_wlp_complete
 .text.hci_reset
                0x8000e1fc       0xa8 C:/devkitPro/libogc/lib/wii\libbte.a(hci.o)
                0x8000e1fc                hci_reset
 .text.hci_read_buffer_size
                0x8000e2a4       0xa8 C:/devkitPro/libogc/lib/wii\libbte.a(hci.o)
                0x8000e2a4                hci_read_buffer_size
 .text.hci_read_bd_addr
                0x8000e34c       0xa8 C:/devkitPro/libogc/lib/wii\libbte.a(hci.o)
                0x8000e34c                hci_read_bd_addr
 .text.hci_read_local_version
                0x8000e3f4       0xa4 C:/devkitPro/libogc/lib/wii\libbte.a(hci.o)
                0x8000e3f4                hci_read_local_version
 .text.hci_read_local_features
                0x8000e498       0xa8 C:/devkitPro/libogc/lib/wii\libbte.a(hci.o)
                0x8000e498                hci_read_local_features
 .text.hci_read_stored_link_key
                0x8000e540       0xfc C:/devkitPro/libogc/lib/wii\libbte.a(hci.o)
                0x8000e540                hci_read_stored_link_key
 .text.hci_write_page_timeout
                0x8000e63c       0xcc C:/devkitPro/libogc/lib/wii\libbte.a(hci.o)
                0x8000e63c                hci_write_page_timeout
 .text.hci_write_scan_enable
                0x8000e708       0xb8 C:/devkitPro/libogc/lib/wii\libbte.a(hci.o)
                0x8000e708                hci_write_scan_enable
 .text.hci_accecpt_conn_request
                0x8000e7c0       0xdc C:/devkitPro/libogc/lib/wii\libbte.a(hci.o)
                0x8000e7c0                hci_accecpt_conn_request
 .text.hci_write_local_name
                0x8000e89c       0xd4 C:/devkitPro/libogc/lib/wii\libbte.a(hci.o)
                0x8000e89c                hci_write_local_name
 .text.hci_write_pin_type
                0x8000e970       0xb8 C:/devkitPro/libogc/lib/wii\libbte.a(hci.o)
                0x8000e970                hci_write_pin_type
 .text.hci_write_inquiry_mode
                0x8000ea28       0xb8 C:/devkitPro/libogc/lib/wii\libbte.a(hci.o)
                0x8000ea28                hci_write_inquiry_mode
 .text.hci_write_page_scan_type
                0x8000eae0       0xb8 C:/devkitPro/libogc/lib/wii\libbte.a(hci.o)
                0x8000eae0                hci_write_page_scan_type
 .text.hci_write_inquiry_scan_type
                0x8000eb98       0xb8 C:/devkitPro/libogc/lib/wii\libbte.a(hci.o)
                0x8000eb98                hci_write_inquiry_scan_type
 .text.hci_vendor_specific_command
                0x8000ec50       0xe4 C:/devkitPro/libogc/lib/wii\libbte.a(hci.o)
                0x8000ec50                hci_vendor_specific_command
 .text.hci_write_link_policy_settings
                0x8000ed34       0xfc C:/devkitPro/libogc/lib/wii\libbte.a(hci.o)
                0x8000ed34                hci_write_link_policy_settings
 .text.hci_pin_code_request_neg_reply
                0x8000ee30       0xc8 C:/devkitPro/libogc/lib/wii\libbte.a(hci.o)
                0x8000ee30                hci_pin_code_request_neg_reply
 .text.hci_link_key_req_neg_reply
                0x8000eef8       0xc8 C:/devkitPro/libogc/lib/wii\libbte.a(hci.o)
                0x8000eef8                hci_link_key_req_neg_reply
 .text.hci_disconnect
                0x8000efc0       0xf4 C:/devkitPro/libogc/lib/wii\libbte.a(hci.o)
                0x8000efc0                hci_disconnect
 .text.hci_write_cod
                0x8000f0b4       0xc8 C:/devkitPro/libogc/lib/wii\libbte.a(hci.o)
                0x8000f0b4                hci_write_cod
 .text.hci_host_buffer_size
                0x8000f17c      0x108 C:/devkitPro/libogc/lib/wii\libbte.a(hci.o)
                0x8000f17c                hci_host_buffer_size
 .text.hci_host_num_comp_packets
                0x8000f284      0x104 C:/devkitPro/libogc/lib/wii\libbte.a(hci.o)
                0x8000f284                hci_host_num_comp_packets
 .text.lp_pdu_maxsize
                0x8000f388        0xc C:/devkitPro/libogc/lib/wii\libbte.a(hci.o)
                0x8000f388                lp_pdu_maxsize
 .text.lp_acl_write
                0x8000f394      0x16c C:/devkitPro/libogc/lib/wii\libbte.a(hci.o)
                0x8000f394                lp_acl_write
 .text.lp_write_flush_timeout
                0x8000f500       0xfc C:/devkitPro/libogc/lib/wii\libbte.a(hci.o)
                0x8000f500                lp_write_flush_timeout
 .text.hci_event_handler
                0x8000f5fc      0xb7c C:/devkitPro/libogc/lib/wii\libbte.a(hci.o)
                0x8000f5fc                hci_event_handler
 .text.hci_acldata_handler
                0x80010178      0x120 C:/devkitPro/libogc/lib/wii\libbte.a(hci.o)
                0x80010178                hci_acldata_handler
 .text.l2cap_init
                0x80010298       0x60 C:/devkitPro/libogc/lib/wii\libbte.a(l2cap.o)
                0x80010298                l2cap_init
 .text.l2cap_write
                0x800102f8      0x158 C:/devkitPro/libogc/lib/wii\libbte.a(l2cap.o)
                0x800102f8                l2cap_write
 .text.l2cap_new
                0x80010450       0x74 C:/devkitPro/libogc/lib/wii\libbte.a(l2cap.o)
                0x80010450                l2cap_new
 .text.l2cap_close
                0x800104c4      0x1b4 C:/devkitPro/libogc/lib/wii\libbte.a(l2cap.o)
                0x800104c4                l2cap_close
 .text.l2cap_reset_all
                0x80010678      0x17c C:/devkitPro/libogc/lib/wii\libbte.a(l2cap.o)
                0x80010678                l2cap_reset_all
 .text.l2cap_signal
                0x800107f4      0x21c C:/devkitPro/libogc/lib/wii\libbte.a(l2cap.o)
                0x800107f4                l2cap_signal
 .text.l2ca_config_req
                0x80010a10      0x138 C:/devkitPro/libogc/lib/wii\libbte.a(l2cap.o)
                0x80010a10                l2ca_config_req
 .text.l2ca_disconnect_req
                0x80010b48       0xc4 C:/devkitPro/libogc/lib/wii\libbte.a(l2cap.o)
                0x80010b48                l2ca_disconnect_req
 .text.l2cap_tmr
                0x80010c0c      0x288 C:/devkitPro/libogc/lib/wii\libbte.a(l2cap.o)
                0x80010c0c                l2cap_tmr
 .text.l2cap_process_sig
                0x80010e94     0x1270 C:/devkitPro/libogc/lib/wii\libbte.a(l2cap.o)
                0x80010e94                l2cap_process_sig
 .text.l2cap_input
                0x80012104      0x564 C:/devkitPro/libogc/lib/wii\libbte.a(l2cap.o)
                0x80012104                l2cap_input
 .text.l2ca_datawrite
                0x80012668      0x128 C:/devkitPro/libogc/lib/wii\libbte.a(l2cap.o)
                0x80012668                l2ca_datawrite
 .text.lp_connect_cfm
                0x80012790      0x148 C:/devkitPro/libogc/lib/wii\libbte.a(l2cap.o)
                0x80012790                lp_connect_cfm
 .text.lp_connect_ind
                0x800128d8        0x4 C:/devkitPro/libogc/lib/wii\libbte.a(l2cap.o)
                0x800128d8                lp_connect_ind
 .text.lp_disconnect_ind
                0x800128dc      0x134 C:/devkitPro/libogc/lib/wii\libbte.a(l2cap.o)
                0x800128dc                lp_disconnect_ind
 .text.l2cap_disconnect_bb
                0x80012a10       0x10 C:/devkitPro/libogc/lib/wii\libbte.a(l2cap.o)
                0x80012a10                l2cap_disconnect_bb
 .text.l2cap_arg
                0x80012a20        0x8 C:/devkitPro/libogc/lib/wii\libbte.a(l2cap.o)
                0x80012a20                l2cap_arg
 .text.l2cap_connect_ind
                0x80012a28      0x104 C:/devkitPro/libogc/lib/wii\libbte.a(l2cap.o)
                0x80012a28                l2cap_connect_ind
 .text.l2cap_disconnect_ind
                0x80012b2c        0x8 C:/devkitPro/libogc/lib/wii\libbte.a(l2cap.o)
                0x80012b2c                l2cap_disconnect_ind
 .text.l2cap_recv
                0x80012b34        0x8 C:/devkitPro/libogc/lib/wii\libbte.a(l2cap.o)
                0x80012b34                l2cap_recv
 .text.btmemb_init
                0x80012b3c       0x24 C:/devkitPro/libogc/lib/wii\libbte.a(btmemb.o)
                0x80012b3c                btmemb_init
 .text.btmemb_alloc
                0x80012b60       0xb0 C:/devkitPro/libogc/lib/wii\libbte.a(btmemb.o)
                0x80012b60                btmemb_alloc
 .text.btmemb_free
                0x80012c10       0xb0 C:/devkitPro/libogc/lib/wii\libbte.a(btmemb.o)
                0x80012c10                btmemb_free
 .text.plug_holes
                0x80012cc0       0xa4 C:/devkitPro/libogc/lib/wii\libbte.a(btmemr.o)
 .text.btmemr_free.part.0
                0x80012d64       0x7c C:/devkitPro/libogc/lib/wii\libbte.a(btmemr.o)
 .text.btmemr_init
                0x80012de0       0xa4 C:/devkitPro/libogc/lib/wii\libbte.a(btmemr.o)
                0x80012de0                btmemr_init
 .text.btmemr_malloc
                0x80012e84      0x190 C:/devkitPro/libogc/lib/wii\libbte.a(btmemr.o)
                0x80012e84                btmemr_malloc
 .text.btmemr_free
                0x80013014       0x28 C:/devkitPro/libogc/lib/wii\libbte.a(btmemr.o)
                0x80013014                btmemr_free
 .text.btmemr_realloc
                0x8001303c      0x11c C:/devkitPro/libogc/lib/wii\libbte.a(btmemr.o)
                0x8001303c                btmemr_realloc
 .text.btpbuf_init
                0x80013158       0x28 C:/devkitPro/libogc/lib/wii\libbte.a(btpbuf.o)
                0x80013158                btpbuf_init
 .text.btpbuf_free
                0x80013180      0x15c C:/devkitPro/libogc/lib/wii\libbte.a(btpbuf.o)
                0x80013180                btpbuf_free
 .text.btpbuf_alloc
                0x800132dc      0x234 C:/devkitPro/libogc/lib/wii\libbte.a(btpbuf.o)
                0x800132dc                btpbuf_alloc
 .text.btpbuf_realloc
                0x80013510       0xc4 C:/devkitPro/libogc/lib/wii\libbte.a(btpbuf.o)
                0x80013510                btpbuf_realloc
 .text.btpbuf_header
                0x800135d4       0x94 C:/devkitPro/libogc/lib/wii\libbte.a(btpbuf.o)
                0x800135d4                btpbuf_header
 .text.btpbuf_ref
                0x80013668       0x4c C:/devkitPro/libogc/lib/wii\libbte.a(btpbuf.o)
                0x80013668                btpbuf_ref
 .text.btpbuf_chain
                0x800136b4       0xac C:/devkitPro/libogc/lib/wii\libbte.a(btpbuf.o)
                0x800136b4                btpbuf_chain
 .text.btpbuf_dechain
                0x80013760       0x84 C:/devkitPro/libogc/lib/wii\libbte.a(btpbuf.o)
                0x80013760                btpbuf_dechain
 .text.btpbuf_take
                0x800137e4      0x110 C:/devkitPro/libogc/lib/wii\libbte.a(btpbuf.o)
                0x800137e4                btpbuf_take
 .text.__usb_closeCB
                0x800138f4       0x10 C:/devkitPro/libogc/lib/wii\libbte.a(physbusif.o)
 .text.__writebulkmsgCB
                0x80013904       0x3c C:/devkitPro/libogc/lib/wii\libbte.a(physbusif.o)
 .text.__writectrlmsgCB
                0x80013940       0x3c C:/devkitPro/libogc/lib/wii\libbte.a(physbusif.o)
 .text.__issue_intrread.part.0
                0x8001397c       0x80 C:/devkitPro/libogc/lib/wii\libbte.a(physbusif.o)
 .text.__readintrdataCB
                0x800139fc      0x13c C:/devkitPro/libogc/lib/wii\libbte.a(physbusif.o)
 .text.__issue_bulkread.part.2
                0x80013b38       0x80 C:/devkitPro/libogc/lib/wii\libbte.a(physbusif.o)
 .text.__readbulkdataCB
                0x80013bb8      0x13c C:/devkitPro/libogc/lib/wii\libbte.a(physbusif.o)
 .text.physbusif_init
                0x80013cf4      0x200 C:/devkitPro/libogc/lib/wii\libbte.a(physbusif.o)
                0x80013cf4                physbusif_init
 .text.physbusif_close
                0x80013ef4       0x20 C:/devkitPro/libogc/lib/wii\libbte.a(physbusif.o)
                0x80013ef4                physbusif_close
 .text.physbusif_shutdown
                0x80013f14       0x24 C:/devkitPro/libogc/lib/wii\libbte.a(physbusif.o)
                0x80013f14                physbusif_shutdown
 .text.physbusif_reset_all
                0x80013f38        0x4 C:/devkitPro/libogc/lib/wii\libbte.a(physbusif.o)
                0x80013f38                physbusif_reset_all
 .text.physbusif_output
                0x80013f3c      0x1a8 C:/devkitPro/libogc/lib/wii\libbte.a(physbusif.o)
                0x80013f3c                physbusif_output
 .text.__console_clear_line
                0x800140e4       0x84 C:/devkitPro/libogc/lib/wii\libogc.a(console.o)
 .text.__console_clear
                0x80014168       0x54 C:/devkitPro/libogc/lib/wii\libogc.a(console.o)
 .text.__console_write
                0x800141bc      0x724 C:/devkitPro/libogc/lib/wii\libogc.a(console.o)
                0x800141bc                __console_write
 .text.__console_init
                0x800148e0      0x10c C:/devkitPro/libogc/lib/wii\libogc.a(console.o)
                0x800148e0                __console_init
 .text.CON_Init
                0x800149ec        0x4 C:/devkitPro/libogc/lib/wii\libogc.a(console.o)
                0x800149ec                CON_Init
 .text.CON_EnableGecko
                0x800149f0       0xe8 C:/devkitPro/libogc/lib/wii\libogc.a(console.o)
                0x800149f0                CON_EnableGecko
 .text.__lwp_queue_initialize
                0x80014ad8       0x54 C:/devkitPro/libogc/lib/wii\libogc.a(lwp_queue.o)
                0x80014ad8                __lwp_queue_initialize
 .text.__lwp_queue_get
                0x80014b2c       0x64 C:/devkitPro/libogc/lib/wii\libogc.a(lwp_queue.o)
                0x80014b2c                __lwp_queue_get
 .text.__lwp_queue_append
                0x80014b90       0x50 C:/devkitPro/libogc/lib/wii\libogc.a(lwp_queue.o)
                0x80014b90                __lwp_queue_append
 .text.__lwp_isr_in_progress
                0x80014be0        0x8 C:/devkitPro/libogc/lib/wii\libogc.a(lwp_threads.o)
                0x80014be0                __lwp_isr_in_progress
 .text.__thread_dispatch_fp
                0x80014be8       0x90 C:/devkitPro/libogc/lib/wii\libogc.a(lwp_threads.o)
                0x80014be8                __thread_dispatch_fp
 .text.__thread_dispatch
                0x80014c78      0x11c C:/devkitPro/libogc/lib/wii\libogc.a(lwp_threads.o)
                0x80014c78                __thread_dispatch
 .text.__lwp_thread_resettimeslice
                0x80014d94       0xf0 C:/devkitPro/libogc/lib/wii\libogc.a(lwp_threads.o)
                0x80014d94                __lwp_thread_resettimeslice
 .text.__lwp_thread_tickle_timeslice
                0x80014e84       0xcc C:/devkitPro/libogc/lib/wii\libogc.a(lwp_threads.o)
                0x80014e84                __lwp_thread_tickle_timeslice
 .text.__lwp_thread_setstate
                0x80014f50      0x158 C:/devkitPro/libogc/lib/wii\libogc.a(lwp_threads.o)
                0x80014f50                __lwp_thread_setstate
 .text.__lwp_thread_clearstate
                0x800150a8       0xf0 C:/devkitPro/libogc/lib/wii\libogc.a(lwp_threads.o)
                0x800150a8                __lwp_thread_clearstate
 .text.__lwp_thread_delayended
                0x80015198       0x48 C:/devkitPro/libogc/lib/wii\libogc.a(lwp_threads.o)
                0x80015198                __lwp_thread_delayended
 .text.__lwp_thread_settransient
                0x800151e0       0xbc C:/devkitPro/libogc/lib/wii\libogc.a(lwp_threads.o)
                0x800151e0                __lwp_thread_settransient
 .text.__lwp_thread_changepriority
                0x8001529c      0x1fc C:/devkitPro/libogc/lib/wii\libogc.a(lwp_threads.o)
                0x8001529c                __lwp_thread_changepriority
 .text.__lwp_thread_ready
                0x80015498       0xf8 C:/devkitPro/libogc/lib/wii\libogc.a(lwp_threads.o)
                0x80015498                __lwp_thread_ready
 .text.__lwp_thread_init
                0x80015590      0x16c C:/devkitPro/libogc/lib/wii\libogc.a(lwp_threads.o)
                0x80015590                __lwp_thread_init
 .text.__lwp_thread_close
                0x800156fc      0x138 C:/devkitPro/libogc/lib/wii\libogc.a(lwp_threads.o)
                0x800156fc                __lwp_thread_close
 .text.__lwp_thread_closeall
                0x80015834       0xc0 C:/devkitPro/libogc/lib/wii\libogc.a(lwp_threads.o)
                0x80015834                __lwp_thread_closeall
 .text.__lwp_thread_exit
                0x800158f4       0x5c C:/devkitPro/libogc/lib/wii\libogc.a(lwp_threads.o)
                0x800158f4                __lwp_thread_exit
 .text.__lwp_thread_handler
                0x80015950       0x74 C:/devkitPro/libogc/lib/wii\libogc.a(lwp_threads.o)
 .text.__lwp_thread_start
                0x800159c4       0xcc C:/devkitPro/libogc/lib/wii\libogc.a(lwp_threads.o)
                0x800159c4                __lwp_thread_start
 .text.__lwp_thread_startmultitasking
                0x80015a90       0xb0 C:/devkitPro/libogc/lib/wii\libogc.a(lwp_threads.o)
                0x80015a90                __lwp_thread_startmultitasking
 .text.__lwp_thread_stopmultitasking
                0x80015b40       0x58 C:/devkitPro/libogc/lib/wii\libogc.a(lwp_threads.o)
                0x80015b40                __lwp_thread_stopmultitasking
 .text.__lwp_thread_coreinit
                0x80015b98       0xb0 C:/devkitPro/libogc/lib/wii\libogc.a(lwp_threads.o)
                0x80015b98                __lwp_thread_coreinit
 .text.idle_func
                0x80015c48        0x4 C:/devkitPro/libogc/lib/wii\libogc.a(lwp.o)
 .text.__lwp_sysinit
                0x80015c4c      0x118 C:/devkitPro/libogc/lib/wii\libogc.a(lwp.o)
                0x80015c4c                __lwp_sysinit
 .text.LWP_InitQueue
                0x80015d64      0x14c C:/devkitPro/libogc/lib/wii\libogc.a(lwp.o)
                0x80015d64                LWP_InitQueue
 .text.LWP_CloseQueue
                0x80015eb0       0xd8 C:/devkitPro/libogc/lib/wii\libogc.a(lwp.o)
                0x80015eb0                LWP_CloseQueue
 .text.LWP_ThreadSleep
                0x80015f88       0xfc C:/devkitPro/libogc/lib/wii\libogc.a(lwp.o)
                0x80015f88                LWP_ThreadSleep
 .text.LWP_ThreadBroadcast
                0x80016084       0x8c C:/devkitPro/libogc/lib/wii\libogc.a(lwp.o)
                0x80016084                LWP_ThreadBroadcast
 .text.LWP_ThreadSignal
                0x80016110       0x74 C:/devkitPro/libogc/lib/wii\libogc.a(lwp.o)
                0x80016110                LWP_ThreadSignal
 .text.__lwp_stack_allocate
                0x80016184       0x84 C:/devkitPro/libogc/lib/wii\libogc.a(lwp_stack.o)
                0x80016184                __lwp_stack_allocate
 .text.__lwp_stack_free
                0x80016208       0x1c C:/devkitPro/libogc/lib/wii\libogc.a(lwp_stack.o)
                0x80016208                __lwp_stack_free
 .text.__lwp_wd_settimer.isra.3
                0x80016224       0xd0 C:/devkitPro/libogc/lib/wii\libogc.a(lwp_watchdog.o)
 .text.__lwp_watchdog_init
                0x800162f4       0x2c C:/devkitPro/libogc/lib/wii\libogc.a(lwp_watchdog.o)
                0x800162f4                __lwp_watchdog_init
 .text.__lwp_wd_insert
                0x80016320      0x1e8 C:/devkitPro/libogc/lib/wii\libogc.a(lwp_watchdog.o)
                0x80016320                __lwp_wd_insert
 .text.__lwp_wd_remove
                0x80016508      0x100 C:/devkitPro/libogc/lib/wii\libogc.a(lwp_watchdog.o)
                0x80016508                __lwp_wd_remove
 .text.__lwp_wd_tickle
                0x80016608      0x11c C:/devkitPro/libogc/lib/wii\libogc.a(lwp_watchdog.o)
                0x80016608                __lwp_wd_tickle
 .text.__lwp_wkspace_init
                0x80016724       0xc8 C:/devkitPro/libogc/lib/wii\libogc.a(lwp_wkspace.o)
                0x80016724                __lwp_wkspace_init
 .text.__lwp_objmgr_initinfo
                0x800167ec      0x1a4 C:/devkitPro/libogc/lib/wii\libogc.a(lwp_objmgr.o)
                0x800167ec                __lwp_objmgr_initinfo
 .text.__lwp_objmgr_getisrdisable
                0x80016990       0x68 C:/devkitPro/libogc/lib/wii\libogc.a(lwp_objmgr.o)
                0x80016990                __lwp_objmgr_getisrdisable
 .text.__lwp_objmgr_getnoprotection
                0x800169f8       0x24 C:/devkitPro/libogc/lib/wii\libogc.a(lwp_objmgr.o)
                0x800169f8                __lwp_objmgr_getnoprotection
 .text.__lwp_objmgr_get
                0x80016a1c       0x70 C:/devkitPro/libogc/lib/wii\libogc.a(lwp_objmgr.o)
                0x80016a1c                __lwp_objmgr_get
 .text.__lwp_objmgr_allocate
                0x80016a8c       0x78 C:/devkitPro/libogc/lib/wii\libogc.a(lwp_objmgr.o)
                0x80016a8c                __lwp_objmgr_allocate
 .text.__lwp_objmgr_free
                0x80016b04       0x60 C:/devkitPro/libogc/lib/wii\libogc.a(lwp_objmgr.o)
                0x80016b04                __lwp_objmgr_free
 .text.__lwp_heap_init
                0x80016b64       0xa8 C:/devkitPro/libogc/lib/wii\libogc.a(lwp_heap.o)
                0x80016b64                __lwp_heap_init
 .text.__lwp_heap_allocate
                0x80016c0c      0x180 C:/devkitPro/libogc/lib/wii\libogc.a(lwp_heap.o)
                0x80016c0c                __lwp_heap_allocate
 .text.__lwp_heap_free
                0x80016d8c      0x1a0 C:/devkitPro/libogc/lib/wii\libogc.a(lwp_heap.o)
                0x80016d8c                __lwp_heap_free
 .text.__SetInterrupts
                0x80016f2c      0x2a0 C:/devkitPro/libogc/lib/wii\libogc.a(irq.o)
 .text.c_irqdispatcher
                0x800171cc      0x284 C:/devkitPro/libogc/lib/wii\libogc.a(irq.o)
                0x800171cc                c_irqdispatcher
 .text.__UnmaskIrq
                0x80017450       0x8c C:/devkitPro/libogc/lib/wii\libogc.a(irq.o)
                0x80017450                __UnmaskIrq
 .text.__MaskIrq
                0x800174dc       0x8c C:/devkitPro/libogc/lib/wii\libogc.a(irq.o)
                0x800174dc                __MaskIrq
 .text.__irq_init
                0x80017568       0x98 C:/devkitPro/libogc/lib/wii\libogc.a(irq.o)
                0x80017568                __irq_init
 .text.IRQ_Request
                0x80017600       0x54 C:/devkitPro/libogc/lib/wii\libogc.a(irq.o)
                0x80017600                IRQ_Request
 .text.IRQ_GetHandler
                0x80017654       0x48 C:/devkitPro/libogc/lib/wii\libogc.a(irq.o)
                0x80017654                IRQ_GetHandler
 .text.IRQ_Disable
                0x8001769c       0x24 C:/devkitPro/libogc/lib/wii\libogc.a(irq.o)
                0x8001769c                IRQ_Disable
 .text.IRQ_Restore
                0x800176c0       0x1c C:/devkitPro/libogc/lib/wii\libogc.a(irq.o)
                0x800176c0                IRQ_Restore
 .text.__VISendI2CData.constprop.3
                0x800176dc      0x4a4 C:/devkitPro/libogc/lib/wii\libogc.a(video.o)
 .text.__VIWriteI2CRegister16
                0x80017b80       0x44 C:/devkitPro/libogc/lib/wii\libogc.a(video.o)
 .text.__VIWriteI2CRegister8
                0x80017bc4       0x38 C:/devkitPro/libogc/lib/wii\libogc.a(video.o)
 .text.__VISetYUVSEL
                0x80017bfc       0x68 C:/devkitPro/libogc/lib/wii\libogc.a(video.o)
 .text.VIDEO_Configure
                0x80017c64      0x7d8 C:/devkitPro/libogc/lib/wii\libogc.a(video.o)
                0x80017c64                VIDEO_Configure
 .text.VIDEO_WaitVSync
                0x8001843c       0x7c C:/devkitPro/libogc/lib/wii\libogc.a(video.o)
                0x8001843c                VIDEO_WaitVSync
 .text.VIDEO_SetFramebuffer
                0x800184b8      0x228 C:/devkitPro/libogc/lib/wii\libogc.a(video.o)
                0x800184b8                VIDEO_SetFramebuffer
 .text.VIDEO_SetNextFramebuffer
                0x800186e0      0x1d4 C:/devkitPro/libogc/lib/wii\libogc.a(video.o)
                0x800186e0                VIDEO_SetNextFramebuffer
 .text.VIDEO_Flush
                0x800188b4      0x110 C:/devkitPro/libogc/lib/wii\libogc.a(video.o)
                0x800188b4                VIDEO_Flush
 .text.VIDEO_SetBlack
                0x800189c4      0x160 C:/devkitPro/libogc/lib/wii\libogc.a(video.o)
                0x800189c4                VIDEO_SetBlack
 .text.VIDEO_GetCurrentTvMode
                0x80018b24       0x80 C:/devkitPro/libogc/lib/wii\libogc.a(video.o)
                0x80018b24                VIDEO_GetCurrentTvMode
 .text.__VIRetraceHandler
                0x80018ba4      0x2c0 C:/devkitPro/libogc/lib/wii\libogc.a(video.o)
 .text.__VISetupEncoder
                0x80018e64      0x208 C:/devkitPro/libogc/lib/wii\libogc.a(video.o)
 .text.VIDEO_Init
                0x8001906c      0x410 C:/devkitPro/libogc/lib/wii\libogc.a(video.o)
                0x8001906c                VIDEO_Init
 .text.VIDEO_GetPreferredMode
                0x8001947c      0x108 C:/devkitPro/libogc/lib/wii\libogc.a(video.o)
                0x8001947c                VIDEO_GetPreferredMode
 .text.VIDEO_GetCurrentLine
                0x80019584       0xa4 C:/devkitPro/libogc/lib/wii\libogc.a(video.o)
                0x80019584                VIDEO_GetCurrentLine
 .text.VIDEO_GetFrameBufferSize
                0x80019628       0x30 C:/devkitPro/libogc/lib/wii\libogc.a(video.o)
                0x80019628                VIDEO_GetFrameBufferSize
 .text.__call_resetfuncs
                0x80019658       0xbc C:/devkitPro/libogc/lib/wii\libogc.a(system.o)
 .text.__MEMInterruptHandler
                0x80019714       0x14 C:/devkitPro/libogc/lib/wii\libogc.a(system.o)
 .text.__POWDefaultHandler
                0x80019728        0x4 C:/devkitPro/libogc/lib/wii\libogc.a(system.o)
 .text.__sram_write
                0x8001972c      0x114 C:/devkitPro/libogc/lib/wii\libogc.a(system.o)
 .text.__unlocksram
                0x80019840      0x150 C:/devkitPro/libogc/lib/wii\libogc.a(system.o)
 .text.__sram_writecallback
                0x80019990       0x54 C:/devkitPro/libogc/lib/wii\libogc.a(system.o)
 .text.__mem_onreset
                0x800199e4       0x48 C:/devkitPro/libogc/lib/wii\libogc.a(system.o)
 .text.__sys_alarmhandler
                0x80019a2c       0xec C:/devkitPro/libogc/lib/wii\libogc.a(system.o)
 .text.__STMEventHandler
                0x80019b18       0xec C:/devkitPro/libogc/lib/wii\libogc.a(system.o)
 .text.__sram_read.constprop.10
                0x80019c04      0x124 C:/devkitPro/libogc/lib/wii\libogc.a(system.o)
 .text.__RSWDefaultHandler
                0x80019d28        0x4 C:/devkitPro/libogc/lib/wii\libogc.a(system.o)
 .text.__SYS_GetIPCBufferLo
                0x80019d2c        0x8 C:/devkitPro/libogc/lib/wii\libogc.a(system.o)
                0x80019d2c                __SYS_GetIPCBufferLo
 .text.__SYS_GetIPCBufferHi
                0x80019d34        0x8 C:/devkitPro/libogc/lib/wii\libogc.a(system.o)
                0x80019d34                __SYS_GetIPCBufferHi
 .text.__SYS_DoPowerCB
                0x80019d3c       0x78 C:/devkitPro/libogc/lib/wii\libogc.a(system.o)
                0x80019d3c                __SYS_DoPowerCB
 .text.__SYS_PreInit
                0x80019db4        0x4 C:/devkitPro/libogc/lib/wii\libogc.a(system.o)
                0x80019db4                __SYS_PreInit
 .text.SYS_PreMain
                0x80019db8       0x54 C:/devkitPro/libogc/lib/wii\libogc.a(system.o)
                0x80019db8                SYS_PreMain
 .text.SYS_ResetButtonDown
                0x80019e0c       0x18 C:/devkitPro/libogc/lib/wii\libogc.a(system.o)
                0x80019e0c                SYS_ResetButtonDown
 .text.SYS_ResetSystem
                0x80019e24      0x20c C:/devkitPro/libogc/lib/wii\libogc.a(system.o)
                0x80019e24                SYS_ResetSystem
 .text.__reload
                0x8001a030       0x80 C:/devkitPro/libogc/lib/wii\libogc.a(system.o)
                0x8001a030                __reload
 .text.__libogc_exit
                0x8001a0b0       0x88 C:/devkitPro/libogc/lib/wii\libogc.a(system.o)
                0x8001a0b0                __libogc_exit
 .text.SYS_RegisterResetFunc
                0x8001a138       0x80 C:/devkitPro/libogc/lib/wii\libogc.a(system.o)
                0x8001a138                SYS_RegisterResetFunc
 .text.SYS_Init
                0x8001a1b8      0x6a8 C:/devkitPro/libogc/lib/wii\libogc.a(system.o)
                0x8001a1b8                SYS_Init
 .text.SYS_SetArena1Lo
                0x8001a860       0x3c C:/devkitPro/libogc/lib/wii\libogc.a(system.o)
                0x8001a860                SYS_SetArena1Lo
 .text.SYS_GetArena1Lo
                0x8001a89c       0x3c C:/devkitPro/libogc/lib/wii\libogc.a(system.o)
                0x8001a89c                SYS_GetArena1Lo
 .text.SYS_GetArena1Hi
                0x8001a8d8       0x3c C:/devkitPro/libogc/lib/wii\libogc.a(system.o)
                0x8001a8d8                SYS_GetArena1Hi
 .text.SYS_SetArena2Lo
                0x8001a914       0x3c C:/devkitPro/libogc/lib/wii\libogc.a(system.o)
                0x8001a914                SYS_SetArena2Lo
 .text.SYS_GetArena2Lo
                0x8001a950       0x3c C:/devkitPro/libogc/lib/wii\libogc.a(system.o)
                0x8001a950                SYS_GetArena2Lo
 .text.SYS_SetArena2Hi
                0x8001a98c       0x3c C:/devkitPro/libogc/lib/wii\libogc.a(system.o)
                0x8001a98c                SYS_SetArena2Hi
 .text.SYS_GetArena2Hi
                0x8001a9c8       0x3c C:/devkitPro/libogc/lib/wii\libogc.a(system.o)
                0x8001a9c8                SYS_GetArena2Hi
 .text.SYS_AllocateFramebuffer
                0x8001aa04       0x28 C:/devkitPro/libogc/lib/wii\libogc.a(system.o)
                0x8001aa04                SYS_AllocateFramebuffer
 .text.SYS_CreateAlarm
                0x8001aa2c      0x10c C:/devkitPro/libogc/lib/wii\libogc.a(system.o)
                0x8001aa2c                SYS_CreateAlarm
 .text.SYS_SetAlarm
                0x8001ab38      0x194 C:/devkitPro/libogc/lib/wii\libogc.a(system.o)
                0x8001ab38                SYS_SetAlarm
 .text.SYS_SetPeriodicAlarm
                0x8001accc      0x1f4 C:/devkitPro/libogc/lib/wii\libogc.a(system.o)
                0x8001accc                SYS_SetPeriodicAlarm
 .text.SYS_RemoveAlarm
                0x8001aec0      0x110 C:/devkitPro/libogc/lib/wii\libogc.a(system.o)
                0x8001aec0                SYS_RemoveAlarm
 .text.SYS_CancelAlarm
                0x8001afd0       0xc0 C:/devkitPro/libogc/lib/wii\libogc.a(system.o)
                0x8001afd0                SYS_CancelAlarm
 .text.SYS_SetWirelessID
                0x8001b090       0x90 C:/devkitPro/libogc/lib/wii\libogc.a(system.o)
                0x8001b090                SYS_SetWirelessID
 .text.SYS_GetWirelessID
                0x8001b120       0xa4 C:/devkitPro/libogc/lib/wii\libogc.a(system.o)
                0x8001b120                SYS_GetWirelessID
 .text.SYS_GetHollywoodRevision
                0x8001b1c4       0x3c C:/devkitPro/libogc/lib/wii\libogc.a(system.o)
                0x8001b1c4                SYS_GetHollywoodRevision
 .text.__lwp_cond_init
                0x8001b200       0x14 C:/devkitPro/libogc/lib/wii\libogc.a(cond.o)
                0x8001b200                __lwp_cond_init
 .text.__decrementer_init
                0x8001b214        0x4 C:/devkitPro/libogc/lib/wii\libogc.a(decrementer.o)
                0x8001b214                __decrementer_init
 .text.c_decrementer_handler
                0x8001b218        0xc C:/devkitPro/libogc/lib/wii\libogc.a(decrementer.o)
                0x8001b218                c_decrementer_handler
 .text.__lwp_mqbox_init
                0x8001b224       0x14 C:/devkitPro/libogc/lib/wii\libogc.a(message.o)
                0x8001b224                __lwp_mqbox_init
 .text.__si_transfer
                0x8001b238      0x180 C:/devkitPro/libogc/lib/wii\libogc.a(si.o)
 .text.__si_alarmhandler
                0x8001b3b8       0xb4 C:/devkitPro/libogc/lib/wii\libogc.a(si.o)
 .text.__si_completetransfer
                0x8001b46c      0x1b8 C:/devkitPro/libogc/lib/wii\libogc.a(si.o)
 .text.__si_transfernext
                0x8001b624       0xe4 C:/devkitPro/libogc/lib/wii\libogc.a(si.o)
 .text.SI_Busy  0x8001b708       0x18 C:/devkitPro/libogc/lib/wii\libogc.a(si.o)
                0x8001b708                SI_Busy
 .text.SI_IsChanBusy
                0x8001b720       0x38 C:/devkitPro/libogc/lib/wii\libogc.a(si.o)
                0x8001b720                SI_IsChanBusy
 .text.SI_SetXY
                0x8001b758       0x68 C:/devkitPro/libogc/lib/wii\libogc.a(si.o)
                0x8001b758                SI_SetXY
 .text.SI_EnablePolling
                0x8001b7c0       0x7c C:/devkitPro/libogc/lib/wii\libogc.a(si.o)
                0x8001b7c0                SI_EnablePolling
 .text.SI_DisablePolling
                0x8001b83c       0x5c C:/devkitPro/libogc/lib/wii\libogc.a(si.o)
                0x8001b83c                SI_DisablePolling
 .text.SI_SetSamplingRate
                0x8001b898       0xe8 C:/devkitPro/libogc/lib/wii\libogc.a(si.o)
                0x8001b898                SI_SetSamplingRate
 .text.SI_RefreshSamplingRate
                0x8001b980        0x8 C:/devkitPro/libogc/lib/wii\libogc.a(si.o)
                0x8001b980                SI_RefreshSamplingRate
 .text.SI_GetStatus
                0x8001b988       0x80 C:/devkitPro/libogc/lib/wii\libogc.a(si.o)
                0x8001b988                SI_GetStatus
 .text.SI_GetResponseRaw
                0x8001ba08       0x98 C:/devkitPro/libogc/lib/wii\libogc.a(si.o)
                0x8001ba08                SI_GetResponseRaw
 .text.SI_GetResponse
                0x8001baa0       0xbc C:/devkitPro/libogc/lib/wii\libogc.a(si.o)
                0x8001baa0                SI_GetResponse
 .text.SI_SetCommand
                0x8001bb5c       0x10 C:/devkitPro/libogc/lib/wii\libogc.a(si.o)
                0x8001bb5c                SI_SetCommand
 .text.SI_Transfer
                0x8001bb6c      0x244 C:/devkitPro/libogc/lib/wii\libogc.a(si.o)
                0x8001bb6c                SI_Transfer
 .text.__si_gettypecallback
                0x8001bdb0      0x2b8 C:/devkitPro/libogc/lib/wii\libogc.a(si.o)
 .text.__si_interrupthandler
                0x8001c068      0x248 C:/devkitPro/libogc/lib/wii\libogc.a(si.o)
 .text.SI_GetType
                0x8001c2b0      0x1dc C:/devkitPro/libogc/lib/wii\libogc.a(si.o)
                0x8001c2b0                SI_GetType
 .text.SI_GetTypeAsync
                0x8001c48c      0x140 C:/devkitPro/libogc/lib/wii\libogc.a(si.o)
                0x8001c48c                SI_GetTypeAsync
 .text.SI_EnablePollingInterrupt
                0x8001c5cc       0xb0 C:/devkitPro/libogc/lib/wii\libogc.a(si.o)
                0x8001c5cc                SI_EnablePollingInterrupt
 .text.SI_UnregisterPollingHandler
                0x8001c67c       0xec C:/devkitPro/libogc/lib/wii\libogc.a(si.o)
                0x8001c67c                SI_UnregisterPollingHandler
 .text.__si_init
                0x8001c768       0xf8 C:/devkitPro/libogc/lib/wii\libogc.a(si.o)
                0x8001c768                __si_init
 .text.__ipc_sendrequest
                0x8001c860       0xf4 C:/devkitPro/libogc/lib/wii\libogc.a(ipc.o)
 .text.__ipc_syncrequest
                0x8001c954       0xe4 C:/devkitPro/libogc/lib/wii\libogc.a(ipc.o)
 .text.iosFree.part.0
                0x8001ca38       0x20 C:/devkitPro/libogc/lib/wii\libogc.a(ipc.o)
 .text.__ipc_interrupthandler
                0x8001ca58      0x2f0 C:/devkitPro/libogc/lib/wii\libogc.a(ipc.o)
 .text.__ios_ioctlvformat_parse
                0x8001cd48      0x7ac C:/devkitPro/libogc/lib/wii\libogc.a(ipc.o)
 .text.__ioctlvfmtCB
                0x8001d4f4      0x130 C:/devkitPro/libogc/lib/wii\libogc.a(ipc.o)
 .text.__ipc_asyncrequest
                0x8001d624      0x130 C:/devkitPro/libogc/lib/wii\libogc.a(ipc.o)
 .text.__IPC_Init.part.2
                0x8001d754       0x3c C:/devkitPro/libogc/lib/wii\libogc.a(ipc.o)
 .text.iosCreateHeap
                0x8001d790      0x144 C:/devkitPro/libogc/lib/wii\libogc.a(ipc.o)
                0x8001d790                iosCreateHeap
 .text.iosAlloc
                0x8001d8d4       0x30 C:/devkitPro/libogc/lib/wii\libogc.a(ipc.o)
                0x8001d8d4                iosAlloc
 .text.iosFree  0x8001d904        0xc C:/devkitPro/libogc/lib/wii\libogc.a(ipc.o)
                0x8001d904                iosFree
 .text.__IPC_ClntInit
                0x8001d910       0xa4 C:/devkitPro/libogc/lib/wii\libogc.a(ipc.o)
                0x8001d910                __IPC_ClntInit
 .text.IOS_Open
                0x8001d9b4       0xf8 C:/devkitPro/libogc/lib/wii\libogc.a(ipc.o)
                0x8001d9b4                IOS_Open
 .text.IOS_Close
                0x8001daac       0xb8 C:/devkitPro/libogc/lib/wii\libogc.a(ipc.o)
                0x8001daac                IOS_Close
 .text.IOS_CloseAsync
                0x8001db64       0xb4 C:/devkitPro/libogc/lib/wii\libogc.a(ipc.o)
                0x8001db64                IOS_CloseAsync
 .text.IOS_Read
                0x8001dc18       0xf4 C:/devkitPro/libogc/lib/wii\libogc.a(ipc.o)
                0x8001dc18                IOS_Read
 .text.IOS_Write
                0x8001dd0c       0xf4 C:/devkitPro/libogc/lib/wii\libogc.a(ipc.o)
                0x8001dd0c                IOS_Write
 .text.IOS_Ioctl
                0x8001de00      0x140 C:/devkitPro/libogc/lib/wii\libogc.a(ipc.o)
                0x8001de00                IOS_Ioctl
 .text.IOS_IoctlAsync
                0x8001df40      0x148 C:/devkitPro/libogc/lib/wii\libogc.a(ipc.o)
                0x8001df40                IOS_IoctlAsync
 .text.IOS_Ioctlv
                0x8001e088      0x1d4 C:/devkitPro/libogc/lib/wii\libogc.a(ipc.o)
                0x8001e088                IOS_Ioctlv
 .text.IOS_IoctlvAsync
                0x8001e25c      0x1dc C:/devkitPro/libogc/lib/wii\libogc.a(ipc.o)
                0x8001e25c                IOS_IoctlvAsync
 .text.IOS_IoctlvFormat
                0x8001e438      0x170 C:/devkitPro/libogc/lib/wii\libogc.a(ipc.o)
                0x8001e438                IOS_IoctlvFormat
 .text.IOS_IoctlvReboot
                0x8001e5a8      0x1d8 C:/devkitPro/libogc/lib/wii\libogc.a(ipc.o)
                0x8001e5a8                IOS_IoctlvReboot
 .text.__time_exi_unlock
                0x8001e780       0x28 C:/devkitPro/libogc/lib/wii\libogc.a(timesupp.o)
 .text.__getrtc
                0x8001e7a8      0x110 C:/devkitPro/libogc/lib/wii\libogc.a(timesupp.o)